Archive member included to satisfy reference by file (symbol)

c:/program files/microchip/xc8/v2.36/avr/bin/../lib/gcc/avr/5.4.0/avr6/memx-const\libgcc.a(_divmodhi4.o)
                              LCD.o (__divmodhi4)
c:/program files/microchip/xc8/v2.36/avr/bin/../lib/gcc/avr/5.4.0/avr6/memx-const\libgcc.a(_copy_data.o)
                              main.o (__do_copy_data)
c:/program files/microchip/xc8/v2.36/avr/bin/../lib/gcc/avr/5.4.0/avr6/memx-const\libgcc.a(_xload_1.o)
                              LCD.o (__xload_1)
c:/program files/microchip/xc8/v2.36/avr/bin/../lib/gcc/avr/5.4.0/avr6/memx-const\libgcc.a(_udivmodhi4.o)
                              c:/program files/microchip/xc8/v2.36/avr/bin/../lib/gcc/avr/5.4.0/avr6/memx-const\libgcc.a(_divmodhi4.o) (__udivmodhi4)
c:/program files/microchip/xc8/v2.36/avr/bin/../lib/gcc/avr/5.4.0/../../../../avr/lib/avr6/memx-const\libc.a(exit.o)
                              C:/Program Files (x86)/Atmel/Studio/7.0/Packs/atmel/ATmega_DFP/1.7.374/xc8/avr/lib/avr6/memx-const/crtatmega2560.o (exit)
c:/program files/microchip/xc8/v2.36/avr/bin/../lib/gcc/avr/5.4.0/../../../../avr/lib/avr6/memx-const\libc.a(_Exit.o)
                              c:/program files/microchip/xc8/v2.36/avr/bin/../lib/gcc/avr/5.4.0/../../../../avr/lib/avr6/memx-const\libc.a(exit.o) (_Exit)
c:/program files/microchip/xc8/v2.36/avr/bin/../lib/gcc/avr/5.4.0/avr6/memx-const\libgcc.a(_exit.o)
                              c:/program files/microchip/xc8/v2.36/avr/bin/../lib/gcc/avr/5.4.0/../../../../avr/lib/avr6/memx-const\libc.a(_Exit.o) (_exit)

Allocating common symbols
Common symbol       size              file

ADC_result          0x2               main.o
item_counter        0x1               main.o
item_adc_ready      0x1               main.o
int2_counter        0x1               main.o
ADC_counter         0x2               main.o
kill_flag           0x2               dc_motor.o
reset_flag          0x1               main.o

Discarded input sections

 .data          0x0000000000000000        0x0 C:/Program Files (x86)/Atmel/Studio/7.0/Packs/atmel/ATmega_DFP/1.7.374/xc8/avr/lib/avr6/memx-const/crtatmega2560.o
 .bss           0x0000000000000000        0x0 C:/Program Files (x86)/Atmel/Studio/7.0/Packs/atmel/ATmega_DFP/1.7.374/xc8/avr/lib/avr6/memx-const/crtatmega2560.o
 .text          0x0000000000000000        0x0 adc.o
 .data          0x0000000000000000        0x0 adc.o
 .bss           0x0000000000000000        0x0 adc.o
 .text.stop_conversion
                0x0000000000000000        0xe adc.o
 .text.free_running_adc
                0x0000000000000000        0xc adc.o
 .text          0x0000000000000000        0x0 dc_motor.o
 .data          0x0000000000000000        0x0 dc_motor.o
 .bss           0x0000000000000000        0x0 dc_motor.o
 .text.disable_dc_motor
                0x0000000000000000       0x10 dc_motor.o
 .text          0x0000000000000000        0x0 LCD.o
 .data          0x0000000000000000        0x0 LCD.o
 .bss           0x0000000000000000        0x0 LCD.o
 .text.LCDWriteString
                0x0000000000000000       0x30 LCD.o
 .text          0x0000000000000000        0x0 main.o
 .data          0x0000000000000000        0x0 main.o
 .bss           0x0000000000000000        0x0 main.o
 .data.is_first
                0x0000000000000000        0x1 main.o
 .bss.temp      0x0000000000000000        0x1 main.o
 .text          0x0000000000000000        0x0 mTimer.o
 .data          0x0000000000000000        0x0 mTimer.o
 .bss           0x0000000000000000        0x0 mTimer.o
 .text          0x0000000000000000        0x0 pwm.o
 .data          0x0000000000000000        0x0 pwm.o
 .bss           0x0000000000000000        0x0 pwm.o
 .text          0x0000000000000000        0x0 sensor.o
 .data          0x0000000000000000        0x0 sensor.o
 .bss           0x0000000000000000        0x0 sensor.o
 .text.init_sensors
                0x0000000000000000        0x8 sensor.o
 .debug_info    0x0000000000000000      0x26f sensor.o
 .debug_abbrev  0x0000000000000000       0x44 sensor.o
 .debug_aranges
                0x0000000000000000       0x20 sensor.o
 .debug_ranges  0x0000000000000000       0x10 sensor.o
 .debug_line    0x0000000000000000       0x89 sensor.o
 .debug_str     0x0000000000000000        0x0 sensor.o
 .comment       0x0000000000000000       0x30 sensor.o
 .debug_frame   0x0000000000000000       0x24 sensor.o
 .text          0x0000000000000000        0x0 c:/program files/microchip/xc8/v2.36/avr/bin/../lib/gcc/avr/5.4.0/avr6/memx-const\libgcc.a(_divmodhi4.o)
 .data          0x0000000000000000        0x0 c:/program files/microchip/xc8/v2.36/avr/bin/../lib/gcc/avr/5.4.0/avr6/memx-const\libgcc.a(_divmodhi4.o)
 .bss           0x0000000000000000        0x0 c:/program files/microchip/xc8/v2.36/avr/bin/../lib/gcc/avr/5.4.0/avr6/memx-const\libgcc.a(_divmodhi4.o)
 .text.libgcc.mul
                0x0000000000000000        0x0 c:/program files/microchip/xc8/v2.36/avr/bin/../lib/gcc/avr/5.4.0/avr6/memx-const\libgcc.a(_divmodhi4.o)
 .stack.descriptors
                0x0000000000000000       0x19 c:/program files/microchip/xc8/v2.36/avr/bin/../lib/gcc/avr/5.4.0/avr6/memx-const\libgcc.a(_divmodhi4.o)
 .text.libgcc   0x0000000000000000        0x0 c:/program files/microchip/xc8/v2.36/avr/bin/../lib/gcc/avr/5.4.0/avr6/memx-const\libgcc.a(_divmodhi4.o)
 .text.libgcc.prologue
                0x0000000000000000        0x0 c:/program files/microchip/xc8/v2.36/avr/bin/../lib/gcc/avr/5.4.0/avr6/memx-const\libgcc.a(_divmodhi4.o)
 .text.libgcc.builtins
                0x0000000000000000        0x0 c:/program files/microchip/xc8/v2.36/avr/bin/../lib/gcc/avr/5.4.0/avr6/memx-const\libgcc.a(_divmodhi4.o)
 .text.libgcc.fmul
                0x0000000000000000        0x0 c:/program files/microchip/xc8/v2.36/avr/bin/../lib/gcc/avr/5.4.0/avr6/memx-const\libgcc.a(_divmodhi4.o)
 .text.libgcc.fixed
                0x0000000000000000        0x0 c:/program files/microchip/xc8/v2.36/avr/bin/../lib/gcc/avr/5.4.0/avr6/memx-const\libgcc.a(_divmodhi4.o)
 .text          0x0000000000000000        0x0 c:/program files/microchip/xc8/v2.36/avr/bin/../lib/gcc/avr/5.4.0/avr6/memx-const\libgcc.a(_copy_data.o)
 .data          0x0000000000000000        0x0 c:/program files/microchip/xc8/v2.36/avr/bin/../lib/gcc/avr/5.4.0/avr6/memx-const\libgcc.a(_copy_data.o)
 .bss           0x0000000000000000        0x0 c:/program files/microchip/xc8/v2.36/avr/bin/../lib/gcc/avr/5.4.0/avr6/memx-const\libgcc.a(_copy_data.o)
 .text.libgcc.mul
                0x0000000000000000        0x0 c:/program files/microchip/xc8/v2.36/avr/bin/../lib/gcc/avr/5.4.0/avr6/memx-const\libgcc.a(_copy_data.o)
 .text.libgcc.div
                0x0000000000000000        0x0 c:/program files/microchip/xc8/v2.36/avr/bin/../lib/gcc/avr/5.4.0/avr6/memx-const\libgcc.a(_copy_data.o)
 .text.libgcc   0x0000000000000000        0x0 c:/program files/microchip/xc8/v2.36/avr/bin/../lib/gcc/avr/5.4.0/avr6/memx-const\libgcc.a(_copy_data.o)
 .text.libgcc.prologue
                0x0000000000000000        0x0 c:/program files/microchip/xc8/v2.36/avr/bin/../lib/gcc/avr/5.4.0/avr6/memx-const\libgcc.a(_copy_data.o)
 .text.libgcc.builtins
                0x0000000000000000        0x0 c:/program files/microchip/xc8/v2.36/avr/bin/../lib/gcc/avr/5.4.0/avr6/memx-const\libgcc.a(_copy_data.o)
 .text.libgcc.fmul
                0x0000000000000000        0x0 c:/program files/microchip/xc8/v2.36/avr/bin/../lib/gcc/avr/5.4.0/avr6/memx-const\libgcc.a(_copy_data.o)
 .text.libgcc.fixed
                0x0000000000000000        0x0 c:/program files/microchip/xc8/v2.36/avr/bin/../lib/gcc/avr/5.4.0/avr6/memx-const\libgcc.a(_copy_data.o)
 .text          0x0000000000000000        0x0 c:/program files/microchip/xc8/v2.36/avr/bin/../lib/gcc/avr/5.4.0/avr6/memx-const\libgcc.a(_xload_1.o)
 .data          0x0000000000000000        0x0 c:/program files/microchip/xc8/v2.36/avr/bin/../lib/gcc/avr/5.4.0/avr6/memx-const\libgcc.a(_xload_1.o)
 .bss           0x0000000000000000        0x0 c:/program files/microchip/xc8/v2.36/avr/bin/../lib/gcc/avr/5.4.0/avr6/memx-const\libgcc.a(_xload_1.o)
 .text.libgcc.mul
                0x0000000000000000        0x0 c:/program files/microchip/xc8/v2.36/avr/bin/../lib/gcc/avr/5.4.0/avr6/memx-const\libgcc.a(_xload_1.o)
 .text.libgcc.div
                0x0000000000000000        0x0 c:/program files/microchip/xc8/v2.36/avr/bin/../lib/gcc/avr/5.4.0/avr6/memx-const\libgcc.a(_xload_1.o)
 .text.libgcc   0x0000000000000000        0xe c:/program files/microchip/xc8/v2.36/avr/bin/../lib/gcc/avr/5.4.0/avr6/memx-const\libgcc.a(_xload_1.o)
 .text.libgcc.prologue
                0x0000000000000000        0x0 c:/program files/microchip/xc8/v2.36/avr/bin/../lib/gcc/avr/5.4.0/avr6/memx-const\libgcc.a(_xload_1.o)
 .stack.descriptors.hdr
                0x0000000000000000        0xe c:/program files/microchip/xc8/v2.36/avr/bin/../lib/gcc/avr/5.4.0/avr6/memx-const\libgcc.a(_xload_1.o)
 .stack.descriptors
                0x0000000000000000       0x17 c:/program files/microchip/xc8/v2.36/avr/bin/../lib/gcc/avr/5.4.0/avr6/memx-const\libgcc.a(_xload_1.o)
 .text.libgcc.builtins
                0x0000000000000000        0x0 c:/program files/microchip/xc8/v2.36/avr/bin/../lib/gcc/avr/5.4.0/avr6/memx-const\libgcc.a(_xload_1.o)
 .text.libgcc.fmul
                0x0000000000000000        0x0 c:/program files/microchip/xc8/v2.36/avr/bin/../lib/gcc/avr/5.4.0/avr6/memx-const\libgcc.a(_xload_1.o)
 .text.libgcc.fixed
                0x0000000000000000        0x0 c:/program files/microchip/xc8/v2.36/avr/bin/../lib/gcc/avr/5.4.0/avr6/memx-const\libgcc.a(_xload_1.o)
 .text          0x0000000000000000        0x0 c:/program files/microchip/xc8/v2.36/avr/bin/../lib/gcc/avr/5.4.0/avr6/memx-const\libgcc.a(_udivmodhi4.o)
 .data          0x0000000000000000        0x0 c:/program files/microchip/xc8/v2.36/avr/bin/../lib/gcc/avr/5.4.0/avr6/memx-const\libgcc.a(_udivmodhi4.o)
 .bss           0x0000000000000000        0x0 c:/program files/microchip/xc8/v2.36/avr/bin/../lib/gcc/avr/5.4.0/avr6/memx-const\libgcc.a(_udivmodhi4.o)
 .text.libgcc.mul
                0x0000000000000000        0x0 c:/program files/microchip/xc8/v2.36/avr/bin/../lib/gcc/avr/5.4.0/avr6/memx-const\libgcc.a(_udivmodhi4.o)
 .stack.descriptors
                0x0000000000000000       0x1a c:/program files/microchip/xc8/v2.36/avr/bin/../lib/gcc/avr/5.4.0/avr6/memx-const\libgcc.a(_udivmodhi4.o)
 .text.libgcc   0x0000000000000000        0x0 c:/program files/microchip/xc8/v2.36/avr/bin/../lib/gcc/avr/5.4.0/avr6/memx-const\libgcc.a(_udivmodhi4.o)
 .text.libgcc.prologue
                0x0000000000000000        0x0 c:/program files/microchip/xc8/v2.36/avr/bin/../lib/gcc/avr/5.4.0/avr6/memx-const\libgcc.a(_udivmodhi4.o)
 .text.libgcc.builtins
                0x0000000000000000        0x0 c:/program files/microchip/xc8/v2.36/avr/bin/../lib/gcc/avr/5.4.0/avr6/memx-const\libgcc.a(_udivmodhi4.o)
 .text.libgcc.fmul
                0x0000000000000000        0x0 c:/program files/microchip/xc8/v2.36/avr/bin/../lib/gcc/avr/5.4.0/avr6/memx-const\libgcc.a(_udivmodhi4.o)
 .text.libgcc.fixed
                0x0000000000000000        0x0 c:/program files/microchip/xc8/v2.36/avr/bin/../lib/gcc/avr/5.4.0/avr6/memx-const\libgcc.a(_udivmodhi4.o)
 .text          0x0000000000000000        0x0 c:/program files/microchip/xc8/v2.36/avr/bin/../lib/gcc/avr/5.4.0/../../../../avr/lib/avr6/memx-const\libc.a(exit.o)
 .data          0x0000000000000000        0x0 c:/program files/microchip/xc8/v2.36/avr/bin/../lib/gcc/avr/5.4.0/../../../../avr/lib/avr6/memx-const\libc.a(exit.o)
 .bss           0x0000000000000000        0x0 c:/program files/microchip/xc8/v2.36/avr/bin/../lib/gcc/avr/5.4.0/../../../../avr/lib/avr6/memx-const\libc.a(exit.o)
 .text          0x0000000000000000        0x0 c:/program files/microchip/xc8/v2.36/avr/bin/../lib/gcc/avr/5.4.0/../../../../avr/lib/avr6/memx-const\libc.a(_Exit.o)
 .data          0x0000000000000000        0x0 c:/program files/microchip/xc8/v2.36/avr/bin/../lib/gcc/avr/5.4.0/../../../../avr/lib/avr6/memx-const\libc.a(_Exit.o)
 .bss           0x0000000000000000        0x0 c:/program files/microchip/xc8/v2.36/avr/bin/../lib/gcc/avr/5.4.0/../../../../avr/lib/avr6/memx-const\libc.a(_Exit.o)
 .text          0x0000000000000000        0x0 c:/program files/microchip/xc8/v2.36/avr/bin/../lib/gcc/avr/5.4.0/avr6/memx-const\libgcc.a(_exit.o)
 .data          0x0000000000000000        0x0 c:/program files/microchip/xc8/v2.36/avr/bin/../lib/gcc/avr/5.4.0/avr6/memx-const\libgcc.a(_exit.o)
 .bss           0x0000000000000000        0x0 c:/program files/microchip/xc8/v2.36/avr/bin/../lib/gcc/avr/5.4.0/avr6/memx-const\libgcc.a(_exit.o)
 .text.libgcc.mul
                0x0000000000000000        0x0 c:/program files/microchip/xc8/v2.36/avr/bin/../lib/gcc/avr/5.4.0/avr6/memx-const\libgcc.a(_exit.o)
 .text.libgcc.div
                0x0000000000000000        0x0 c:/program files/microchip/xc8/v2.36/avr/bin/../lib/gcc/avr/5.4.0/avr6/memx-const\libgcc.a(_exit.o)
 .text.libgcc   0x0000000000000000        0x0 c:/program files/microchip/xc8/v2.36/avr/bin/../lib/gcc/avr/5.4.0/avr6/memx-const\libgcc.a(_exit.o)
 .text.libgcc.prologue
                0x0000000000000000        0x0 c:/program files/microchip/xc8/v2.36/avr/bin/../lib/gcc/avr/5.4.0/avr6/memx-const\libgcc.a(_exit.o)
 .stack.descriptors
                0x0000000000000000       0x13 c:/program files/microchip/xc8/v2.36/avr/bin/../lib/gcc/avr/5.4.0/avr6/memx-const\libgcc.a(_exit.o)
 .text.libgcc.builtins
                0x0000000000000000        0x0 c:/program files/microchip/xc8/v2.36/avr/bin/../lib/gcc/avr/5.4.0/avr6/memx-const\libgcc.a(_exit.o)
 .text.libgcc.fmul
                0x0000000000000000        0x0 c:/program files/microchip/xc8/v2.36/avr/bin/../lib/gcc/avr/5.4.0/avr6/memx-const\libgcc.a(_exit.o)
 .text.libgcc.fixed
                0x0000000000000000        0x0 c:/program files/microchip/xc8/v2.36/avr/bin/../lib/gcc/avr/5.4.0/avr6/memx-const\libgcc.a(_exit.o)

Memory Configuration

Name             Origin             Length             Attributes
text             0x0000000000000000 0x0000000000040000 xr
data             0x0000000000800200 0x0000000000002000 rw !x
eeprom           0x0000000000810000 0x0000000000001000 rw !x
fuse             0x0000000000820000 0x0000000000000003 rw !x
lock             0x0000000000830000 0x0000000000000400 rw !x
signature        0x0000000000840000 0x0000000000000400 rw !x
user_signatures  0x0000000000850000 0x0000000000000400 rw !x
*default*        0x0000000000000000 0xffffffffffffffff

Linker script and memory map

Address of section .data set to 0x800200
LOAD C:/Program Files (x86)/Atmel/Studio/7.0/Packs/atmel/ATmega_DFP/1.7.374/xc8/avr/lib/avr6/memx-const/crtatmega2560.o
LOAD adc.o
LOAD dc_motor.o
LOAD LCD.o
LOAD main.o
LOAD mTimer.o
LOAD pwm.o
LOAD sensor.o
START GROUP
LOAD c:/program files/microchip/xc8/v2.36/avr/bin/../lib/gcc/avr/5.4.0/../../../../avr/lib/avr6/memx-const\libm.a
END GROUP
START GROUP
LOAD c:/program files/microchip/xc8/v2.36/avr/bin/../lib/gcc/avr/5.4.0/avr6/memx-const\libgcc.a
LOAD c:/program files/microchip/xc8/v2.36/avr/bin/../lib/gcc/avr/5.4.0/../../../../avr/lib/avr6/memx-const\libm.a
LOAD c:/program files/microchip/xc8/v2.36/avr/bin/../lib/gcc/avr/5.4.0/../../../../avr/lib/avr6/memx-const\libc.a
LOAD C:/Program Files (x86)/Atmel/Studio/7.0/Packs/atmel/ATmega_DFP/1.7.374/xc8/avr/lib/avr6/memx-const\libatmega2560.a
END GROUP
                0x0000000000000000                __TEXT_REGION_ORIGIN__ = DEFINED (__TEXT_REGION_ORIGIN__)?__TEXT_REGION_ORIGIN__:0x0
                [0x0000000000800200]                __DATA_REGION_ORIGIN__ = DEFINED (__DATA_REGION_ORIGIN__)?__DATA_REGION_ORIGIN__:0x800200
                [0x0000000000040000]                __TEXT_REGION_LENGTH__ = DEFINED (__TEXT_REGION_LENGTH__)?__TEXT_REGION_LENGTH__:0x100000
                [0x0000000000002000]                __DATA_REGION_LENGTH__ = DEFINED (__DATA_REGION_LENGTH__)?__DATA_REGION_LENGTH__:0xfe00
                [0x0000000000001000]                __EEPROM_REGION_LENGTH__ = DEFINED (__EEPROM_REGION_LENGTH__)?__EEPROM_REGION_LENGTH__:0x10000
                [0x0000000000000003]                __FUSE_REGION_LENGTH__ = DEFINED (__FUSE_REGION_LENGTH__)?__FUSE_REGION_LENGTH__:0x400
                0x0000000000000400                __LOCK_REGION_LENGTH__ = DEFINED (__LOCK_REGION_LENGTH__)?__LOCK_REGION_LENGTH__:0x400
                0x0000000000000400                __SIGNATURE_REGION_LENGTH__ = DEFINED (__SIGNATURE_REGION_LENGTH__)?__SIGNATURE_REGION_LENGTH__:0x400
                0x0000000000000400                __USER_SIGNATURE_REGION_LENGTH__ = DEFINED (__USER_SIGNATURE_REGION_LENGTH__)?__USER_SIGNATURE_REGION_LENGTH__:0x400

.hash
 *(.hash)

.dynsym
 *(.dynsym)

.dynstr
 *(.dynstr)

.gnu.version
 *(.gnu.version)

.gnu.version_d
 *(.gnu.version_d)

.gnu.version_r
 *(.gnu.version_r)

.rel.init
 *(.rel.init)

.rela.init
 *(.rela.init)

.rel.text
 *(.rel.text)
 *(.rel.text.*)
 *(.rel.gnu.linkonce.t*)

.rela.text
 *(.rela.text)
 *(.rela.text.*)
 *(.rela.gnu.linkonce.t*)

.rel.fini
 *(.rel.fini)

.rela.fini
 *(.rela.fini)

.rel.rodata
 *(.rel.rodata)
 *(.rel.rodata.*)
 *(.rel.gnu.linkonce.r*)

.rela.rodata
 *(.rela.rodata)
 *(.rela.rodata.*)
 *(.rela.gnu.linkonce.r*)

.rel.data
 *(.rel.data)
 *(.rel.data.*)
 *(.rel.gnu.linkonce.d*)

.rela.data
 *(.rela.data)
 *(.rela.data.*)
 *(.rela.gnu.linkonce.d*)

.rel.ctors
 *(.rel.ctors)

.rela.ctors
 *(.rela.ctors)

.rel.dtors
 *(.rel.dtors)

.rela.dtors
 *(.rela.dtors)

.rel.got
 *(.rel.got)

.rela.got
 *(.rela.got)

.rel.bss
 *(.rel.bss)

.rela.bss
 *(.rela.bss)

.rel.plt
 *(.rel.plt)

.rela.plt
 *(.rela.plt)

.text           0x0000000000000000      0x15e
 *(.vectors)
 .vectors       0x0000000000000000       0xe4 C:/Program Files (x86)/Atmel/Studio/7.0/Packs/atmel/ATmega_DFP/1.7.374/xc8/avr/lib/avr6/memx-const/crtatmega2560.o
                0x0000000000000000                __vectors
 *(.vectors)
 *(.progmem.gcc*)
 *(.dinit)
 .dinit         0x00000000000000e4       0x1d data_init
                0x0000000000000102                . = ALIGN (0x2)
 *fill*         0x0000000000000101        0x1 
                0x0000000000000102                __trampolines_start = .
 *(.trampolines)
 .trampolines   0x0000000000000102        0x0 linker stubs
 *(.trampolines*)
                0x0000000000000102                __trampolines_end = .
 *libprintf_flt.a:*(.progmem.data)
 *libc.a:*(.progmem.data)
                0x0000000000000102                . = ALIGN (0x2)
 *(.jumptables)
 *(.jumptables*)
 *(.lowtext)
 *(.lowtext*)
                0x0000000000000102                __ctors_start = .
 *(.ctors)
                0x0000000000000102                __ctors_end = .
                0x0000000000000102                __dtors_start = .
 *(.dtors)
                0x0000000000000102                __dtors_end = .
 SORT(*)(.ctors)
 SORT(*)(.dtors)
 *(.init0)
 .init0         0x0000000000000102        0x0 C:/Program Files (x86)/Atmel/Studio/7.0/Packs/atmel/ATmega_DFP/1.7.374/xc8/avr/lib/avr6/memx-const/crtatmega2560.o
                0x0000000000000102                __init
 *(.init0)
 *(.init1)
 *(.init1)
 *(.init2)
 .init2         0x0000000000000102       0x10 C:/Program Files (x86)/Atmel/Studio/7.0/Packs/atmel/ATmega_DFP/1.7.374/xc8/avr/lib/avr6/memx-const/crtatmega2560.o
 *(.init2)
 *(.init3)
 *(.init3)
 *(.init4)
 .init4         0x0000000000000112       0x40 c:/program files/microchip/xc8/v2.36/avr/bin/../lib/gcc/avr/5.4.0/avr6/memx-const\libgcc.a(_copy_data.o)
                0x0000000000000112                __do_copy_data
                0x0000000000000144                __do_clear_bss
 *(.init4)
 *(.init5)
 *(.init5)
 *(.init6)
 *(.init6)
 *(.init7)
 *(.init7)
 *(.init8)
 *(.init8)
 *(.init9)
 .init9         0x0000000000000152        0x8 C:/Program Files (x86)/Atmel/Studio/7.0/Packs/atmel/ATmega_DFP/1.7.374/xc8/avr/lib/avr6/memx-const/crtatmega2560.o
 *(.init9)
                0x000000000000015a                . = ALIGN (0x2)
 *(.fini9)
 .fini9         0x000000000000015a        0x0 c:/program files/microchip/xc8/v2.36/avr/bin/../lib/gcc/avr/5.4.0/avr6/memx-const\libgcc.a(_exit.o)
                0x000000000000015a                _exit
 *(.fini9)
 *(.fini8)
 *(.fini8)
 *(.fini7)
 *(.fini7)
 *(.fini6)
 *(.fini6)
 *(.fini5)
 *(.fini5)
 *(.fini4)
 *(.fini4)
 *(.fini3)
 *(.fini3)
 *(.fini2)
 *(.fini2)
 *(.fini1)
 *(.fini1)
 *(.fini0)
 .fini0         0x000000000000015a        0x4 c:/program files/microchip/xc8/v2.36/avr/bin/../lib/gcc/avr/5.4.0/avr6/memx-const\libgcc.a(_exit.o)
 *(.fini0)
                0x000000000000015e                _etext = .

.data           0x0000000000800200        0x0 load address 0x000000000000015e
                [!provide]                        PROVIDE (__data_start, .)
 *(.gnu.linkonce.d*)
 *(.gnu.linkonce.r*)
                0x0000000000800200                . = ALIGN (0x2)
                0x0000000000800200                _edata = .
                [!provide]                        PROVIDE (__data_end, .)

.bss            0x0000000000800200        0xa
                [!provide]                        PROVIDE (__bss_start, .)
 *(COMMON)
 COMMON         0x0000000000800200        0x2 dc_motor.o
                0x0000000000800200                kill_flag
 COMMON         0x0000000000800202        0x8 main.o
                0x0000000000800202                ADC_result
                0x0000000000800204                item_counter
                0x0000000000800205                item_adc_ready
                0x0000000000800206                int2_counter
                0x0000000000800207                ADC_counter
                0x0000000000800209                reset_flag
                [!provide]                        PROVIDE (__bss_end, .)
                0x000000000000015e                __data_load_start = LOADADDR (.data)
                0x000000000000015e                __data_load_end = (__data_load_start + SIZEOF (.data))

.noinit         0x000000000080020a        0x0
                [!provide]                        PROVIDE (__noinit_start, .)
 *(.noinit*)
                [!provide]                        PROVIDE (__noinit_end, .)
                0x000000000080020a                _end = .

.eeprom         0x0000000000810000        0x0
 *(.eeprom*)
                0x0000000000810000                __eeprom_end = .

.fuse
 *(.fuse)
 *(.lfuse)
 *(.hfuse)
 *(.efuse)

.lock
 *(.lock*)

.signature
 *(.signature*)

.user_signatures
 *(.user_signatures*)

.stab
 *(.stab)

.stabstr
 *(.stabstr)

.stab.excl
 *(.stab.excl)

.stab.exclstr
 *(.stab.exclstr)

.stab.index
 *(.stab.index)

.stab.indexstr
 *(.stab.indexstr)

.comment        0x0000000000000000       0x2f
 *(.comment)
 .comment       0x0000000000000000       0x2f adc.o
                                         0x30 (size before relaxing)
 .comment       0x000000000000002f       0x30 dc_motor.o
 .comment       0x000000000000002f       0x30 LCD.o
 .comment       0x000000000000002f       0x30 main.o
 .comment       0x000000000000002f       0x30 mTimer.o
 .comment       0x000000000000002f       0x30 pwm.o
 .comment       0x000000000000002f       0x30 c:/program files/microchip/xc8/v2.36/avr/bin/../lib/gcc/avr/5.4.0/../../../../avr/lib/avr6/memx-const\libc.a(exit.o)
 .comment       0x000000000000002f       0x30 c:/program files/microchip/xc8/v2.36/avr/bin/../lib/gcc/avr/5.4.0/../../../../avr/lib/avr6/memx-const\libc.a(_Exit.o)

.stack.descriptors.hdr
                0x0000000000000000       0x2a
 .stack.descriptors.hdr
                0x0000000000000000        0xe c:/program files/microchip/xc8/v2.36/avr/bin/../lib/gcc/avr/5.4.0/avr6/memx-const\libgcc.a(_divmodhi4.o)
 .stack.descriptors.hdr
                0x000000000000000e        0xe c:/program files/microchip/xc8/v2.36/avr/bin/../lib/gcc/avr/5.4.0/avr6/memx-const\libgcc.a(_udivmodhi4.o)
 .stack.descriptors.hdr
                0x000000000000001c        0xe c:/program files/microchip/xc8/v2.36/avr/bin/../lib/gcc/avr/5.4.0/avr6/memx-const\libgcc.a(_exit.o)

.note.GNU-stack
                0x0000000000000000        0x0
 .note.GNU-stack
                0x0000000000000000        0x0 c:/program files/microchip/xc8/v2.36/avr/bin/../lib/gcc/avr/5.4.0/../../../../avr/lib/avr6/memx-const\libc.a(exit.o)
 .note.GNU-stack
                0x0000000000000000        0x0 c:/program files/microchip/xc8/v2.36/avr/bin/../lib/gcc/avr/5.4.0/../../../../avr/lib/avr6/memx-const\libc.a(_Exit.o)

.note.gnu.build-id
 *(.note.gnu.build-id)

.debug
 *(.debug)

.line
 *(.line)

.debug_srcinfo
 *(.debug_srcinfo)

.debug_sfnames
 *(.debug_sfnames)

.debug_aranges  0x0000000000000000      0x158
 *(.debug_aranges)
 .debug_aranges
                0x0000000000000000       0x48 adc.o
 .debug_aranges
                0x0000000000000048       0x38 dc_motor.o
 .debug_aranges
                0x0000000000000080       0x48 LCD.o
 .debug_aranges
                0x00000000000000c8       0x48 main.o
 .debug_aranges
                0x0000000000000110       0x20 mTimer.o
 .debug_aranges
                0x0000000000000130       0x28 pwm.o

.debug_pubnames
 *(.debug_pubnames)

.debug_info     0x0000000000000000     0x278b
 *(.debug_info .gnu.linkonce.wi.*)
 .debug_info    0x0000000000000000      0xbbc C:/Program Files (x86)/Atmel/Studio/7.0/Packs/atmel/ATmega_DFP/1.7.374/xc8/avr/lib/avr6/memx-const/crtatmega2560.o
 .debug_info    0x0000000000000bbc      0x306 adc.o
 .debug_info    0x0000000000000ec2      0x33c dc_motor.o
 .debug_info    0x00000000000011fe      0x913 LCD.o
 .debug_info    0x0000000000001b11      0x72b main.o
 .debug_info    0x000000000000223c      0x29c mTimer.o
 .debug_info    0x00000000000024d8      0x2b3 pwm.o

.debug_abbrev   0x0000000000000000      0xfc0
 *(.debug_abbrev)
 .debug_abbrev  0x0000000000000000      0xb1a C:/Program Files (x86)/Atmel/Studio/7.0/Packs/atmel/ATmega_DFP/1.7.374/xc8/avr/lib/avr6/memx-const/crtatmega2560.o
 .debug_abbrev  0x0000000000000b1a       0x44 adc.o
 .debug_abbrev  0x0000000000000b5e       0xa8 dc_motor.o
 .debug_abbrev  0x0000000000000c06      0x1e9 LCD.o
 .debug_abbrev  0x0000000000000def      0x102 main.o
 .debug_abbrev  0x0000000000000ef1       0x64 mTimer.o
 .debug_abbrev  0x0000000000000f55       0x6b pwm.o

.debug_line     0x0000000000000000      0xc08
 *(.debug_line .debug_line.* .debug_line_end)
 .debug_line    0x0000000000000000      0x1fd C:/Program Files (x86)/Atmel/Studio/7.0/Packs/atmel/ATmega_DFP/1.7.374/xc8/avr/lib/avr6/memx-const/crtatmega2560.o
 .debug_line    0x00000000000001fd      0x116 adc.o
 .debug_line    0x0000000000000313      0x105 dc_motor.o
 .debug_line    0x0000000000000418      0x3d6 LCD.o
 .debug_line    0x00000000000007ee      0x29f main.o
 .debug_line    0x0000000000000a8d       0xc3 mTimer.o
 .debug_line    0x0000000000000b50       0xb8 pwm.o

.debug_frame    0x0000000000000000      0x338
 *(.debug_frame)
 .debug_frame   0x0000000000000000       0x74 adc.o
 .debug_frame   0x0000000000000074       0x54 dc_motor.o
 .debug_frame   0x00000000000000c8       0xb0 LCD.o
 .debug_frame   0x0000000000000178      0x168 main.o
 .debug_frame   0x00000000000002e0       0x24 mTimer.o
 .debug_frame   0x0000000000000304       0x34 pwm.o

.debug_str      0x0000000000000000      0x497
 *(.debug_str)
 .debug_str     0x0000000000000000      0x3e6 C:/Program Files (x86)/Atmel/Studio/7.0/Packs/atmel/ATmega_DFP/1.7.374/xc8/avr/lib/avr6/memx-const/crtatmega2560.o
 .debug_str     0x00000000000003e6        0x0 adc.o
 .debug_str     0x00000000000003e6        0x0 dc_motor.o
 .debug_str     0x00000000000003e6       0x26 LCD.o
 .debug_str     0x000000000000040c       0x8b main.o
 .debug_str     0x0000000000000497        0x0 mTimer.o
 .debug_str     0x0000000000000497        0x0 pwm.o

.debug_loc      0x0000000000000000      0xa9c
 *(.debug_loc)
 .debug_loc     0x0000000000000000      0x7c1 LCD.o
 .debug_loc     0x00000000000007c1      0x2b7 main.o
 .debug_loc     0x0000000000000a78       0x24 mTimer.o

.debug_macinfo
 *(.debug_macinfo)

.debug_weaknames
 *(.debug_weaknames)

.debug_funcnames
 *(.debug_funcnames)

.debug_typenames
 *(.debug_typenames)

.debug_varnames
 *(.debug_varnames)

.debug_pubtypes
 *(.debug_pubtypes)

.debug_ranges   0x0000000000000000       0xf8
 *(.debug_ranges)
 .debug_ranges  0x0000000000000000       0x38 adc.o
 .debug_ranges  0x0000000000000038       0x28 dc_motor.o
 .debug_ranges  0x0000000000000060       0x38 LCD.o
 .debug_ranges  0x0000000000000098       0x38 main.o
 .debug_ranges  0x00000000000000d0       0x10 mTimer.o
 .debug_ranges  0x00000000000000e0       0x18 pwm.o

.debug_macro
 *(.debug_macro)
OUTPUT(Calibration.elf elf32-avr)
LOAD linker stubs
LOAD data_init

.note.gnu.avr.deviceinfo
                0x0000000000000000       0x40
 .note.gnu.avr.deviceinfo
                0x0000000000000000       0x40 C:/Program Files (x86)/Atmel/Studio/7.0/Packs/atmel/ATmega_DFP/1.7.374/xc8/avr/lib/avr6/memx-const/crtatmega2560.o

.bss.ADC_result_flag
                0x0000000000800210        0x1
 .bss.ADC_result_flag
                0x0000000000800210        0x1 main.o
                0x0000000000800210                ADC_result_flag

.bss.ADC_max_min
                0x000000000080020c        0x2
 .bss.ADC_max_min
                0x000000000080020c        0x2 main.o
                0x000000000080020c                ADC_max_min

.text.main      0x000000000000015e      0x1e0
 .text.main     0x000000000000015e      0x1e0 main.o
                0x000000000000015e                main

.text.LCDWriteInt
                0x000000000000033e       0xc4
 .text.LCDWriteInt
                0x000000000000033e       0xc4 LCD.o
                0x000000000000033e                LCDWriteInt

.text.InitLCD   0x0000000000000402       0x88
 .text.InitLCD  0x0000000000000402       0x88 LCD.o
                0x0000000000000402                InitLCD

.text.LCDBusyLoop
                0x000000000000048a       0x7e
 .text.LCDBusyLoop
                0x000000000000048a       0x7e LCD.o
                0x000000000000048a                LCDBusyLoop

.text.LCDByte   0x0000000000000508       0x70
 .text.LCDByte  0x0000000000000508       0x70 LCD.o
                0x0000000000000508                LCDByte

.text.__vector_5
                0x0000000000000578       0x6c
 .text.__vector_5
                0x0000000000000578       0x6c main.o
                0x0000000000000578                __vector_5

.text.__vector_6
                0x00000000000005e4       0x66
 .text.__vector_6
                0x00000000000005e4       0x66 main.o
                0x00000000000005e4                __vector_6

.text.__vector_29
                0x000000000000064a       0x5e
 .text.__vector_29
                0x000000000000064a       0x5e main.o
                0x000000000000064a                __vector_29

.text.__vector_3
                0x00000000000006a8       0x54
 .text.__vector_3
                0x00000000000006a8       0x54 main.o
                0x00000000000006a8                __vector_3

.text.mTimer    0x00000000000006fc       0x40
 .text.mTimer   0x00000000000006fc       0x40 mTimer.o
                0x00000000000006fc                mTimer

.text.init_adc  0x000000000000073c       0x2c
 .text.init_adc
                0x000000000000073c       0x2c adc.o
                0x000000000000073c                init_adc

.text.init_pwm  0x0000000000000768       0x28
 .text.init_pwm
                0x0000000000000768       0x28 pwm.o
                0x0000000000000768                init_pwm

.text.libgcc.div
                0x0000000000000790       0x28
 .text.libgcc.div
                0x0000000000000790       0x28 c:/program files/microchip/xc8/v2.36/avr/bin/../lib/gcc/avr/5.4.0/avr6/memx-const\libgcc.a(_divmodhi4.o)
                0x0000000000000790                _div
                0x0000000000000790                __divmodhi4

.text.libgcc.div
                0x00000000000007b8       0x28
 .text.libgcc.div
                0x00000000000007b8       0x28 c:/program files/microchip/xc8/v2.36/avr/bin/../lib/gcc/avr/5.4.0/avr6/memx-const\libgcc.a(_udivmodhi4.o)
                0x00000000000007b8                __udivmodhi4

.text.init_dc_moter
                0x00000000000007e0       0x22
 .text.init_dc_moter
                0x00000000000007e0       0x22 dc_motor.o
                0x00000000000007e0                init_dc_moter

.text.exit      0x0000000000000802       0x16
 .text.exit     0x0000000000000802       0x16 c:/program files/microchip/xc8/v2.36/avr/bin/../lib/gcc/avr/5.4.0/../../../../avr/lib/avr6/memx-const\libc.a(exit.o)
                0x0000000000000802                exit

.text.LCDGotoXY
                0x0000000000000818       0x12
 .text.LCDGotoXY
                0x0000000000000818       0x12 LCD.o
                0x0000000000000818                LCDGotoXY

.text.start_conversion
                0x000000000000082a        0xe
 .text.start_conversion
                0x000000000000082a        0xe adc.o
                0x000000000000082a                start_conversion

.text.disable_adc
                0x0000000000000838        0xc
 .text.disable_adc
                0x0000000000000838        0xc adc.o
                0x0000000000000838                disable_adc

.text.enable_adc
                0x0000000000000844        0xc
 .text.enable_adc
                0x0000000000000844        0xc adc.o
                0x0000000000000844                enable_adc

.text.run_dc_motor
                0x0000000000000850        0xa
 .text.run_dc_motor
                0x0000000000000850        0xa dc_motor.o
                0x0000000000000850                run_dc_motor

.text.brake_dc_motor
                0x000000000000085a        0x8
 .text.brake_dc_motor
                0x000000000000085a        0x8 dc_motor.o
                0x000000000000085a                brake_dc_motor

.text           0x0000000000000862        0x4
 .text          0x0000000000000862        0x4 C:/Program Files (x86)/Atmel/Studio/7.0/Packs/atmel/ATmega_DFP/1.7.374/xc8/avr/lib/avr6/memx-const/crtatmega2560.o
                0x0000000000000862                __vector_38
                0x0000000000000862                __vector_22
                0x0000000000000862                __vector_28
                0x0000000000000862                __vector_1
                0x0000000000000862                __vector_32
                0x0000000000000862                __vector_34
                0x0000000000000862                __vector_24
                0x0000000000000862                __vector_12
                0x0000000000000862                __vector_55
                0x0000000000000862                __vector_46
                0x0000000000000862                __bad_interrupt
                0x0000000000000862                __vector_31
                0x0000000000000862                __vector_35
                0x0000000000000862                __vector_39
                0x0000000000000862                __vector_23
                0x0000000000000862                __vector_30
                0x0000000000000862                __vector_45
                0x0000000000000862                __vector_25
                0x0000000000000862                __vector_11
                0x0000000000000862                __vector_54
                0x0000000000000862                __vector_13
                0x0000000000000862                __vector_17
                0x0000000000000862                __vector_19
                0x0000000000000862                __vector_56
                0x0000000000000862                __vector_7
                0x0000000000000862                __vector_49
                0x0000000000000862                __vector_41
                0x0000000000000862                __vector_43
                0x0000000000000862                __vector_27
                0x0000000000000862                __vector_33
                0x0000000000000862                __vector_47
                0x0000000000000862                __vector_52
                0x0000000000000862                __vector_37
                0x0000000000000862                __vector_4
                0x0000000000000862                __vector_44
                0x0000000000000862                __vector_51
                0x0000000000000862                __vector_9
                0x0000000000000862                __vector_2
                0x0000000000000862                __vector_21
                0x0000000000000862                __vector_15
                0x0000000000000862                __vector_36
                0x0000000000000862                __vector_40
                0x0000000000000862                __vector_8
                0x0000000000000862                __vector_26
                0x0000000000000862                __vector_48
                0x0000000000000862                __vector_14
                0x0000000000000862                __vector_53
                0x0000000000000862                __vector_10
                0x0000000000000862                __vector_50
                0x0000000000000862                __vector_16
                0x0000000000000862                __vector_18
                0x0000000000000862                __vector_20
                0x0000000000000862                __vector_42

.text.change_pwm_speed
                0x0000000000000866        0x4
 .text.change_pwm_speed
                0x0000000000000866        0x4 pwm.o
                0x0000000000000866                change_pwm_speed

.text._Exit     0x000000000000086a        0x4
 .text._Exit    0x000000000000086a        0x4 c:/program files/microchip/xc8/v2.36/avr/bin/../lib/gcc/avr/5.4.0/../../../../avr/lib/avr6/memx-const\libc.a(_Exit.o)
                0x000000000000086a                _Exit

.text.__vector_default
                0x000000000000086e        0x2
 .text.__vector_default
                0x000000000000086e        0x2 main.o
                0x000000000000086e                __vector_default

.text.__dummy_fini
                0x0000000000000870        0x2
 .text.__dummy_fini
                0x0000000000000870        0x2 c:/program files/microchip/xc8/v2.36/avr/bin/../lib/gcc/avr/5.4.0/../../../../avr/lib/avr6/memx-const\libc.a(exit.o)
                0x0000000000000870                _fini

.text.__dummy_funcs_on_exit
                0x0000000000000872        0x2
 .text.__dummy_funcs_on_exit
                0x0000000000000872        0x2 c:/program files/microchip/xc8/v2.36/avr/bin/../lib/gcc/avr/5.4.0/../../../../avr/lib/avr6/memx-const\libc.a(exit.o)
                0x0000000000000872                __funcs_on_exit

.text.__dummy_simulator_exit
                0x0000000000000874        0x2
 .text.__dummy_simulator_exit
                0x0000000000000874        0x2 c:/program files/microchip/xc8/v2.36/avr/bin/../lib/gcc/avr/5.4.0/../../../../avr/lib/avr6/memx-const\libc.a(exit.o)
                0x0000000000000874                __simulator_exit

.data.ADC_curr_min
                0x000000000080020a        0x2 load address 0x0000000000000876
 .data.ADC_curr_min
                0x000000000080020a        0x2 main.o
                0x000000000080020a                ADC_curr_min

.data.ADC_min_min
                0x000000000080020e        0x2 load address 0x0000000000000878
 .data.ADC_min_min
                0x000000000080020e        0x2 main.o
                0x000000000080020e                ADC_min_min
