Archive member included to satisfy reference by file (symbol)

c:/program files/microchip/xc8/v2.36/avr/bin/../lib/gcc/avr/5.4.0/avr6/memx-const\libgcc.a(_divmodhi4.o)
                              LCD.o (__divmodhi4)
c:/program files/microchip/xc8/v2.36/avr/bin/../lib/gcc/avr/5.4.0/avr6/memx-const\libgcc.a(_copy_data.o)
                              main.o (__do_copy_data)
c:/program files/microchip/xc8/v2.36/avr/bin/../lib/gcc/avr/5.4.0/avr6/memx-const\libgcc.a(_xload_1.o)
                              LCD.o (__xload_1)
c:/program files/microchip/xc8/v2.36/avr/bin/../lib/gcc/avr/5.4.0/avr6/memx-const\libgcc.a(_udivmodhi4.o)
                              c:/program files/microchip/xc8/v2.36/avr/bin/../lib/gcc/avr/5.4.0/avr6/memx-const\libgcc.a(_divmodhi4.o) (__udivmodhi4)
c:/program files/microchip/xc8/v2.36/avr/bin/../lib/gcc/avr/5.4.0/../../../../avr/lib/avr6/memx-const\libc.a(exit.o)
                              C:/Program Files (x86)/Atmel/Studio/7.0/Packs/atmel/ATmega_DFP/1.7.374/xc8/avr/lib/avr6/memx-const/crtatmega2560.o (exit)
c:/program files/microchip/xc8/v2.36/avr/bin/../lib/gcc/avr/5.4.0/../../../../avr/lib/avr6/memx-const\libc.a(lite_free.o)
                              LinkedQueue.o (free)
c:/program files/microchip/xc8/v2.36/avr/bin/../lib/gcc/avr/5.4.0/../../../../avr/lib/avr6/memx-const\libc.a(lite_malloc.o)
                              LinkedQueue.o (malloc)
c:/program files/microchip/xc8/v2.36/avr/bin/../lib/gcc/avr/5.4.0/../../../../avr/lib/avr6/memx-const\libc.a(_Exit.o)
                              c:/program files/microchip/xc8/v2.36/avr/bin/../lib/gcc/avr/5.4.0/../../../../avr/lib/avr6/memx-const\libc.a(exit.o) (_Exit)
c:/program files/microchip/xc8/v2.36/avr/bin/../lib/gcc/avr/5.4.0/../../../../avr/lib/avr6/memx-const\libc.a(expand_heap.o)
                              c:/program files/microchip/xc8/v2.36/avr/bin/../lib/gcc/avr/5.4.0/../../../../avr/lib/avr6/memx-const\libc.a(lite_malloc.o) (__expand_heap)
c:/program files/microchip/xc8/v2.36/avr/bin/../lib/gcc/avr/5.4.0/../../../../avr/lib/avr6/memx-const\libc.a(errno.o)
                              c:/program files/microchip/xc8/v2.36/avr/bin/../lib/gcc/avr/5.4.0/../../../../avr/lib/avr6/memx-const\libc.a(expand_heap.o) (__errno_val)
c:/program files/microchip/xc8/v2.36/avr/bin/../lib/gcc/avr/5.4.0/avr6/memx-const\libgcc.a(_exit.o)
                              c:/program files/microchip/xc8/v2.36/avr/bin/../lib/gcc/avr/5.4.0/../../../../avr/lib/avr6/memx-const\libc.a(_Exit.o) (_exit)
c:/program files/microchip/xc8/v2.36/avr/bin/../lib/gcc/avr/5.4.0/avr6/memx-const\libgcc.a(_prologue.o)
                              c:/program files/microchip/xc8/v2.36/avr/bin/../lib/gcc/avr/5.4.0/../../../../avr/lib/avr6/memx-const\libc.a(lite_malloc.o) (__prologue_saves__)
c:/program files/microchip/xc8/v2.36/avr/bin/../lib/gcc/avr/5.4.0/avr6/memx-const\libgcc.a(_epilogue.o)
                              c:/program files/microchip/xc8/v2.36/avr/bin/../lib/gcc/avr/5.4.0/../../../../avr/lib/avr6/memx-const\libc.a(lite_free.o) (__epilogue_restores__)

Allocating common symbols
Common symbol       size              file

eTest               0x1               main.o
temp_step           0x1               stepper_motor.o
ADC_result          0x2               main.o
__errno_val         0x2               c:/program files/microchip/xc8/v2.36/avr/bin/../lib/gcc/avr/5.4.0/../../../../avr/lib/avr6/memx-const\libc.a(errno.o)
rtnLink             0x2               main.o
current_part        0x1               main.o
tail                0x2               main.o
head                0x2               main.o
start_dc_motor_flag
                    0x1               stepper_motor.o
current_reading     0x2               main.o
newLink             0x2               main.o
current_step        0x1               stepper_motor.o
current_plate       0x1               main.o
kill_flag           0x2               dc_motor.o

Discarded input sections

 .data          0x0000000000000000        0x0 C:/Program Files (x86)/Atmel/Studio/7.0/Packs/atmel/ATmega_DFP/1.7.374/xc8/avr/lib/avr6/memx-const/crtatmega2560.o
 .bss           0x0000000000000000        0x0 C:/Program Files (x86)/Atmel/Studio/7.0/Packs/atmel/ATmega_DFP/1.7.374/xc8/avr/lib/avr6/memx-const/crtatmega2560.o
 .text          0x0000000000000000        0x0 adc.o
 .data          0x0000000000000000        0x0 adc.o
 .bss           0x0000000000000000        0x0 adc.o
 .text.stop_conversion
                0x0000000000000000        0xc adc.o
 .text.free_running_adc
                0x0000000000000000        0xc adc.o
 .text          0x0000000000000000        0x0 dc_motor.o
 .data          0x0000000000000000        0x0 dc_motor.o
 .bss           0x0000000000000000        0x0 dc_motor.o
 COMMON         0x0000000000000000        0x2 dc_motor.o
 .text          0x0000000000000000        0x0 LCD.o
 .data          0x0000000000000000        0x0 LCD.o
 .bss           0x0000000000000000        0x0 LCD.o
 .text          0x0000000000000000        0x0 LinkedQueue.o
 .data          0x0000000000000000        0x0 LinkedQueue.o
 .bss           0x0000000000000000        0x0 LinkedQueue.o
 .text.firstValue
                0x0000000000000000        0xa LinkedQueue.o
 .text.clearQueue
                0x0000000000000000       0x34 LinkedQueue.o
 .text.isEmpty  0x0000000000000000       0x10 LinkedQueue.o
 .text.debug    0x0000000000000000       0x34 LinkedQueue.o
 .text          0x0000000000000000        0x0 main.o
 .data          0x0000000000000000        0x0 main.o
 .bss           0x0000000000000000        0x0 main.o
 .text.calibration
                0x0000000000000000       0xbc main.o
 .bss.ADC_result_flag
                0x0000000000000000        0x1 main.o
 .bss.ADC_max_min
                0x0000000000000000        0x2 main.o
 .data.ADC_min_min
                0x0000000000000000        0x2 main.o
 .text          0x0000000000000000        0x0 pwm.o
 .data          0x0000000000000000        0x0 pwm.o
 .bss           0x0000000000000000        0x0 pwm.o
 .text          0x0000000000000000        0x0 sensor.o
 .data          0x0000000000000000        0x0 sensor.o
 .bss           0x0000000000000000        0x0 sensor.o
 .text          0x0000000000000000        0x0 stepper_motor.o
 .data          0x0000000000000000        0x0 stepper_motor.o
 .bss           0x0000000000000000        0x0 stepper_motor.o
 .text          0x0000000000000000        0x0 timer.o
 .data          0x0000000000000000        0x0 timer.o
 .bss           0x0000000000000000        0x0 timer.o
 .text          0x0000000000000000        0x0 c:/program files/microchip/xc8/v2.36/avr/bin/../lib/gcc/avr/5.4.0/avr6/memx-const\libgcc.a(_divmodhi4.o)
 .data          0x0000000000000000        0x0 c:/program files/microchip/xc8/v2.36/avr/bin/../lib/gcc/avr/5.4.0/avr6/memx-const\libgcc.a(_divmodhi4.o)
 .bss           0x0000000000000000        0x0 c:/program files/microchip/xc8/v2.36/avr/bin/../lib/gcc/avr/5.4.0/avr6/memx-const\libgcc.a(_divmodhi4.o)
 .text.libgcc.mul
                0x0000000000000000        0x0 c:/program files/microchip/xc8/v2.36/avr/bin/../lib/gcc/avr/5.4.0/avr6/memx-const\libgcc.a(_divmodhi4.o)
 .stack.descriptors
                0x0000000000000000       0x19 c:/program files/microchip/xc8/v2.36/avr/bin/../lib/gcc/avr/5.4.0/avr6/memx-const\libgcc.a(_divmodhi4.o)
 .text.libgcc   0x0000000000000000        0x0 c:/program files/microchip/xc8/v2.36/avr/bin/../lib/gcc/avr/5.4.0/avr6/memx-const\libgcc.a(_divmodhi4.o)
 .text.libgcc.prologue
                0x0000000000000000        0x0 c:/program files/microchip/xc8/v2.36/avr/bin/../lib/gcc/avr/5.4.0/avr6/memx-const\libgcc.a(_divmodhi4.o)
 .text.libgcc.builtins
                0x0000000000000000        0x0 c:/program files/microchip/xc8/v2.36/avr/bin/../lib/gcc/avr/5.4.0/avr6/memx-const\libgcc.a(_divmodhi4.o)
 .text.libgcc.fmul
                0x0000000000000000        0x0 c:/program files/microchip/xc8/v2.36/avr/bin/../lib/gcc/avr/5.4.0/avr6/memx-const\libgcc.a(_divmodhi4.o)
 .text.libgcc.fixed
                0x0000000000000000        0x0 c:/program files/microchip/xc8/v2.36/avr/bin/../lib/gcc/avr/5.4.0/avr6/memx-const\libgcc.a(_divmodhi4.o)
 .text          0x0000000000000000        0x0 c:/program files/microchip/xc8/v2.36/avr/bin/../lib/gcc/avr/5.4.0/avr6/memx-const\libgcc.a(_copy_data.o)
 .data          0x0000000000000000        0x0 c:/program files/microchip/xc8/v2.36/avr/bin/../lib/gcc/avr/5.4.0/avr6/memx-const\libgcc.a(_copy_data.o)
 .bss           0x0000000000000000        0x0 c:/program files/microchip/xc8/v2.36/avr/bin/../lib/gcc/avr/5.4.0/avr6/memx-const\libgcc.a(_copy_data.o)
 .text.libgcc.mul
                0x0000000000000000        0x0 c:/program files/microchip/xc8/v2.36/avr/bin/../lib/gcc/avr/5.4.0/avr6/memx-const\libgcc.a(_copy_data.o)
 .text.libgcc.div
                0x0000000000000000        0x0 c:/program files/microchip/xc8/v2.36/avr/bin/../lib/gcc/avr/5.4.0/avr6/memx-const\libgcc.a(_copy_data.o)
 .text.libgcc   0x0000000000000000        0x0 c:/program files/microchip/xc8/v2.36/avr/bin/../lib/gcc/avr/5.4.0/avr6/memx-const\libgcc.a(_copy_data.o)
 .text.libgcc.prologue
                0x0000000000000000        0x0 c:/program files/microchip/xc8/v2.36/avr/bin/../lib/gcc/avr/5.4.0/avr6/memx-const\libgcc.a(_copy_data.o)
 .text.libgcc.builtins
                0x0000000000000000        0x0 c:/program files/microchip/xc8/v2.36/avr/bin/../lib/gcc/avr/5.4.0/avr6/memx-const\libgcc.a(_copy_data.o)
 .text.libgcc.fmul
                0x0000000000000000        0x0 c:/program files/microchip/xc8/v2.36/avr/bin/../lib/gcc/avr/5.4.0/avr6/memx-const\libgcc.a(_copy_data.o)
 .text.libgcc.fixed
                0x0000000000000000        0x0 c:/program files/microchip/xc8/v2.36/avr/bin/../lib/gcc/avr/5.4.0/avr6/memx-const\libgcc.a(_copy_data.o)
 .text          0x0000000000000000        0x0 c:/program files/microchip/xc8/v2.36/avr/bin/../lib/gcc/avr/5.4.0/avr6/memx-const\libgcc.a(_xload_1.o)
 .data          0x0000000000000000        0x0 c:/program files/microchip/xc8/v2.36/avr/bin/../lib/gcc/avr/5.4.0/avr6/memx-const\libgcc.a(_xload_1.o)
 .bss           0x0000000000000000        0x0 c:/program files/microchip/xc8/v2.36/avr/bin/../lib/gcc/avr/5.4.0/avr6/memx-const\libgcc.a(_xload_1.o)
 .text.libgcc.mul
                0x0000000000000000        0x0 c:/program files/microchip/xc8/v2.36/avr/bin/../lib/gcc/avr/5.4.0/avr6/memx-const\libgcc.a(_xload_1.o)
 .text.libgcc.div
                0x0000000000000000        0x0 c:/program files/microchip/xc8/v2.36/avr/bin/../lib/gcc/avr/5.4.0/avr6/memx-const\libgcc.a(_xload_1.o)
 .text.libgcc.prologue
                0x0000000000000000        0x0 c:/program files/microchip/xc8/v2.36/avr/bin/../lib/gcc/avr/5.4.0/avr6/memx-const\libgcc.a(_xload_1.o)
 .stack.descriptors
                0x0000000000000000       0x17 c:/program files/microchip/xc8/v2.36/avr/bin/../lib/gcc/avr/5.4.0/avr6/memx-const\libgcc.a(_xload_1.o)
 .text.libgcc.builtins
                0x0000000000000000        0x0 c:/program files/microchip/xc8/v2.36/avr/bin/../lib/gcc/avr/5.4.0/avr6/memx-const\libgcc.a(_xload_1.o)
 .text.libgcc.fmul
                0x0000000000000000        0x0 c:/program files/microchip/xc8/v2.36/avr/bin/../lib/gcc/avr/5.4.0/avr6/memx-const\libgcc.a(_xload_1.o)
 .text.libgcc.fixed
                0x0000000000000000        0x0 c:/program files/microchip/xc8/v2.36/avr/bin/../lib/gcc/avr/5.4.0/avr6/memx-const\libgcc.a(_xload_1.o)
 .text          0x0000000000000000        0x0 c:/program files/microchip/xc8/v2.36/avr/bin/../lib/gcc/avr/5.4.0/avr6/memx-const\libgcc.a(_udivmodhi4.o)
 .data          0x0000000000000000        0x0 c:/program files/microchip/xc8/v2.36/avr/bin/../lib/gcc/avr/5.4.0/avr6/memx-const\libgcc.a(_udivmodhi4.o)
 .bss           0x0000000000000000        0x0 c:/program files/microchip/xc8/v2.36/avr/bin/../lib/gcc/avr/5.4.0/avr6/memx-const\libgcc.a(_udivmodhi4.o)
 .text.libgcc.mul
                0x0000000000000000        0x0 c:/program files/microchip/xc8/v2.36/avr/bin/../lib/gcc/avr/5.4.0/avr6/memx-const\libgcc.a(_udivmodhi4.o)
 .stack.descriptors
                0x0000000000000000       0x1a c:/program files/microchip/xc8/v2.36/avr/bin/../lib/gcc/avr/5.4.0/avr6/memx-const\libgcc.a(_udivmodhi4.o)
 .text.libgcc   0x0000000000000000        0x0 c:/program files/microchip/xc8/v2.36/avr/bin/../lib/gcc/avr/5.4.0/avr6/memx-const\libgcc.a(_udivmodhi4.o)
 .text.libgcc.prologue
                0x0000000000000000        0x0 c:/program files/microchip/xc8/v2.36/avr/bin/../lib/gcc/avr/5.4.0/avr6/memx-const\libgcc.a(_udivmodhi4.o)
 .text.libgcc.builtins
                0x0000000000000000        0x0 c:/program files/microchip/xc8/v2.36/avr/bin/../lib/gcc/avr/5.4.0/avr6/memx-const\libgcc.a(_udivmodhi4.o)
 .text.libgcc.fmul
                0x0000000000000000        0x0 c:/program files/microchip/xc8/v2.36/avr/bin/../lib/gcc/avr/5.4.0/avr6/memx-const\libgcc.a(_udivmodhi4.o)
 .text.libgcc.fixed
                0x0000000000000000        0x0 c:/program files/microchip/xc8/v2.36/avr/bin/../lib/gcc/avr/5.4.0/avr6/memx-const\libgcc.a(_udivmodhi4.o)
 .text          0x0000000000000000        0x0 c:/program files/microchip/xc8/v2.36/avr/bin/../lib/gcc/avr/5.4.0/../../../../avr/lib/avr6/memx-const\libc.a(exit.o)
 .data          0x0000000000000000        0x0 c:/program files/microchip/xc8/v2.36/avr/bin/../lib/gcc/avr/5.4.0/../../../../avr/lib/avr6/memx-const\libc.a(exit.o)
 .bss           0x0000000000000000        0x0 c:/program files/microchip/xc8/v2.36/avr/bin/../lib/gcc/avr/5.4.0/../../../../avr/lib/avr6/memx-const\libc.a(exit.o)
 .text          0x0000000000000000        0x0 c:/program files/microchip/xc8/v2.36/avr/bin/../lib/gcc/avr/5.4.0/../../../../avr/lib/avr6/memx-const\libc.a(lite_free.o)
 .data          0x0000000000000000        0x0 c:/program files/microchip/xc8/v2.36/avr/bin/../lib/gcc/avr/5.4.0/../../../../avr/lib/avr6/memx-const\libc.a(lite_free.o)
 .bss           0x0000000000000000        0x0 c:/program files/microchip/xc8/v2.36/avr/bin/../lib/gcc/avr/5.4.0/../../../../avr/lib/avr6/memx-const\libc.a(lite_free.o)
 .text          0x0000000000000000        0x0 c:/program files/microchip/xc8/v2.36/avr/bin/../lib/gcc/avr/5.4.0/../../../../avr/lib/avr6/memx-const\libc.a(lite_malloc.o)
 .data          0x0000000000000000        0x0 c:/program files/microchip/xc8/v2.36/avr/bin/../lib/gcc/avr/5.4.0/../../../../avr/lib/avr6/memx-const\libc.a(lite_malloc.o)
 .bss           0x0000000000000000        0x0 c:/program files/microchip/xc8/v2.36/avr/bin/../lib/gcc/avr/5.4.0/../../../../avr/lib/avr6/memx-const\libc.a(lite_malloc.o)
 .bss.lock.1484
                0x0000000000000000        0x4 c:/program files/microchip/xc8/v2.36/avr/bin/../lib/gcc/avr/5.4.0/../../../../avr/lib/avr6/memx-const\libc.a(lite_malloc.o)
 .text          0x0000000000000000        0x0 c:/program files/microchip/xc8/v2.36/avr/bin/../lib/gcc/avr/5.4.0/../../../../avr/lib/avr6/memx-const\libc.a(_Exit.o)
 .data          0x0000000000000000        0x0 c:/program files/microchip/xc8/v2.36/avr/bin/../lib/gcc/avr/5.4.0/../../../../avr/lib/avr6/memx-const\libc.a(_Exit.o)
 .bss           0x0000000000000000        0x0 c:/program files/microchip/xc8/v2.36/avr/bin/../lib/gcc/avr/5.4.0/../../../../avr/lib/avr6/memx-const\libc.a(_Exit.o)
 .text          0x0000000000000000        0x0 c:/program files/microchip/xc8/v2.36/avr/bin/../lib/gcc/avr/5.4.0/../../../../avr/lib/avr6/memx-const\libc.a(expand_heap.o)
 .data          0x0000000000000000        0x0 c:/program files/microchip/xc8/v2.36/avr/bin/../lib/gcc/avr/5.4.0/../../../../avr/lib/avr6/memx-const\libc.a(expand_heap.o)
 .bss           0x0000000000000000        0x0 c:/program files/microchip/xc8/v2.36/avr/bin/../lib/gcc/avr/5.4.0/../../../../avr/lib/avr6/memx-const\libc.a(expand_heap.o)
 .text          0x0000000000000000        0x0 c:/program files/microchip/xc8/v2.36/avr/bin/../lib/gcc/avr/5.4.0/../../../../avr/lib/avr6/memx-const\libc.a(errno.o)
 .data          0x0000000000000000        0x0 c:/program files/microchip/xc8/v2.36/avr/bin/../lib/gcc/avr/5.4.0/../../../../avr/lib/avr6/memx-const\libc.a(errno.o)
 .bss           0x0000000000000000        0x0 c:/program files/microchip/xc8/v2.36/avr/bin/../lib/gcc/avr/5.4.0/../../../../avr/lib/avr6/memx-const\libc.a(errno.o)
 .text          0x0000000000000000        0x0 c:/program files/microchip/xc8/v2.36/avr/bin/../lib/gcc/avr/5.4.0/avr6/memx-const\libgcc.a(_exit.o)
 .data          0x0000000000000000        0x0 c:/program files/microchip/xc8/v2.36/avr/bin/../lib/gcc/avr/5.4.0/avr6/memx-const\libgcc.a(_exit.o)
 .bss           0x0000000000000000        0x0 c:/program files/microchip/xc8/v2.36/avr/bin/../lib/gcc/avr/5.4.0/avr6/memx-const\libgcc.a(_exit.o)
 .text.libgcc.mul
                0x0000000000000000        0x0 c:/program files/microchip/xc8/v2.36/avr/bin/../lib/gcc/avr/5.4.0/avr6/memx-const\libgcc.a(_exit.o)
 .text.libgcc.div
                0x0000000000000000        0x0 c:/program files/microchip/xc8/v2.36/avr/bin/../lib/gcc/avr/5.4.0/avr6/memx-const\libgcc.a(_exit.o)
 .text.libgcc   0x0000000000000000        0x0 c:/program files/microchip/xc8/v2.36/avr/bin/../lib/gcc/avr/5.4.0/avr6/memx-const\libgcc.a(_exit.o)
 .text.libgcc.prologue
                0x0000000000000000        0x0 c:/program files/microchip/xc8/v2.36/avr/bin/../lib/gcc/avr/5.4.0/avr6/memx-const\libgcc.a(_exit.o)
 .stack.descriptors
                0x0000000000000000       0x13 c:/program files/microchip/xc8/v2.36/avr/bin/../lib/gcc/avr/5.4.0/avr6/memx-const\libgcc.a(_exit.o)
 .text.libgcc.builtins
                0x0000000000000000        0x0 c:/program files/microchip/xc8/v2.36/avr/bin/../lib/gcc/avr/5.4.0/avr6/memx-const\libgcc.a(_exit.o)
 .text.libgcc.fmul
                0x0000000000000000        0x0 c:/program files/microchip/xc8/v2.36/avr/bin/../lib/gcc/avr/5.4.0/avr6/memx-const\libgcc.a(_exit.o)
 .text.libgcc.fixed
                0x0000000000000000        0x0 c:/program files/microchip/xc8/v2.36/avr/bin/../lib/gcc/avr/5.4.0/avr6/memx-const\libgcc.a(_exit.o)
 .text          0x0000000000000000        0x0 c:/program files/microchip/xc8/v2.36/avr/bin/../lib/gcc/avr/5.4.0/avr6/memx-const\libgcc.a(_prologue.o)
 .data          0x0000000000000000        0x0 c:/program files/microchip/xc8/v2.36/avr/bin/../lib/gcc/avr/5.4.0/avr6/memx-const\libgcc.a(_prologue.o)
 .bss           0x0000000000000000        0x0 c:/program files/microchip/xc8/v2.36/avr/bin/../lib/gcc/avr/5.4.0/avr6/memx-const\libgcc.a(_prologue.o)
 .text.libgcc.mul
                0x0000000000000000        0x0 c:/program files/microchip/xc8/v2.36/avr/bin/../lib/gcc/avr/5.4.0/avr6/memx-const\libgcc.a(_prologue.o)
 .text.libgcc.div
                0x0000000000000000        0x0 c:/program files/microchip/xc8/v2.36/avr/bin/../lib/gcc/avr/5.4.0/avr6/memx-const\libgcc.a(_prologue.o)
 .text.libgcc   0x0000000000000000        0x0 c:/program files/microchip/xc8/v2.36/avr/bin/../lib/gcc/avr/5.4.0/avr6/memx-const\libgcc.a(_prologue.o)
 .text.libgcc.builtins
                0x0000000000000000        0x0 c:/program files/microchip/xc8/v2.36/avr/bin/../lib/gcc/avr/5.4.0/avr6/memx-const\libgcc.a(_prologue.o)
 .text.libgcc.fmul
                0x0000000000000000        0x0 c:/program files/microchip/xc8/v2.36/avr/bin/../lib/gcc/avr/5.4.0/avr6/memx-const\libgcc.a(_prologue.o)
 .text.libgcc.fixed
                0x0000000000000000        0x0 c:/program files/microchip/xc8/v2.36/avr/bin/../lib/gcc/avr/5.4.0/avr6/memx-const\libgcc.a(_prologue.o)
 .text          0x0000000000000000        0x0 c:/program files/microchip/xc8/v2.36/avr/bin/../lib/gcc/avr/5.4.0/avr6/memx-const\libgcc.a(_epilogue.o)
 .data          0x0000000000000000        0x0 c:/program files/microchip/xc8/v2.36/avr/bin/../lib/gcc/avr/5.4.0/avr6/memx-const\libgcc.a(_epilogue.o)
 .bss           0x0000000000000000        0x0 c:/program files/microchip/xc8/v2.36/avr/bin/../lib/gcc/avr/5.4.0/avr6/memx-const\libgcc.a(_epilogue.o)
 .text.libgcc.mul
                0x0000000000000000        0x0 c:/program files/microchip/xc8/v2.36/avr/bin/../lib/gcc/avr/5.4.0/avr6/memx-const\libgcc.a(_epilogue.o)
 .text.libgcc.div
                0x0000000000000000        0x0 c:/program files/microchip/xc8/v2.36/avr/bin/../lib/gcc/avr/5.4.0/avr6/memx-const\libgcc.a(_epilogue.o)
 .text.libgcc   0x0000000000000000        0x0 c:/program files/microchip/xc8/v2.36/avr/bin/../lib/gcc/avr/5.4.0/avr6/memx-const\libgcc.a(_epilogue.o)
 .text.libgcc.builtins
                0x0000000000000000        0x0 c:/program files/microchip/xc8/v2.36/avr/bin/../lib/gcc/avr/5.4.0/avr6/memx-const\libgcc.a(_epilogue.o)
 .text.libgcc.fmul
                0x0000000000000000        0x0 c:/program files/microchip/xc8/v2.36/avr/bin/../lib/gcc/avr/5.4.0/avr6/memx-const\libgcc.a(_epilogue.o)
 .text.libgcc.fixed
                0x0000000000000000        0x0 c:/program files/microchip/xc8/v2.36/avr/bin/../lib/gcc/avr/5.4.0/avr6/memx-const\libgcc.a(_epilogue.o)

Memory Configuration

Name             Origin             Length             Attributes
text             0x0000000000000000 0x0000000000040000 xr
data             0x0000000000800200 0x0000000000002000 rw !x
eeprom           0x0000000000810000 0x0000000000001000 rw !x
fuse             0x0000000000820000 0x0000000000000003 rw !x
lock             0x0000000000830000 0x0000000000000400 rw !x
signature        0x0000000000840000 0x0000000000000400 rw !x
user_signatures  0x0000000000850000 0x0000000000000400 rw !x
*default*        0x0000000000000000 0xffffffffffffffff

Linker script and memory map

Address of section .data set to 0x800200
LOAD C:/Program Files (x86)/Atmel/Studio/7.0/Packs/atmel/ATmega_DFP/1.7.374/xc8/avr/lib/avr6/memx-const/crtatmega2560.o
LOAD adc.o
LOAD dc_motor.o
LOAD LCD.o
LOAD LinkedQueue.o
LOAD main.o
LOAD pwm.o
LOAD sensor.o
LOAD stepper_motor.o
LOAD timer.o
START GROUP
LOAD c:/program files/microchip/xc8/v2.36/avr/bin/../lib/gcc/avr/5.4.0/../../../../avr/lib/avr6/memx-const\libm.a
END GROUP
START GROUP
LOAD c:/program files/microchip/xc8/v2.36/avr/bin/../lib/gcc/avr/5.4.0/avr6/memx-const\libgcc.a
LOAD c:/program files/microchip/xc8/v2.36/avr/bin/../lib/gcc/avr/5.4.0/../../../../avr/lib/avr6/memx-const\libm.a
LOAD c:/program files/microchip/xc8/v2.36/avr/bin/../lib/gcc/avr/5.4.0/../../../../avr/lib/avr6/memx-const\libc.a
LOAD C:/Program Files (x86)/Atmel/Studio/7.0/Packs/atmel/ATmega_DFP/1.7.374/xc8/avr/lib/avr6/memx-const\libatmega2560.a
END GROUP
                0x0000000000000000                __TEXT_REGION_ORIGIN__ = DEFINED (__TEXT_REGION_ORIGIN__)?__TEXT_REGION_ORIGIN__:0x0
                [0x0000000000800200]                __DATA_REGION_ORIGIN__ = DEFINED (__DATA_REGION_ORIGIN__)?__DATA_REGION_ORIGIN__:0x800200
                [0x0000000000040000]                __TEXT_REGION_LENGTH__ = DEFINED (__TEXT_REGION_LENGTH__)?__TEXT_REGION_LENGTH__:0x100000
                [0x0000000000002000]                __DATA_REGION_LENGTH__ = DEFINED (__DATA_REGION_LENGTH__)?__DATA_REGION_LENGTH__:0xfe00
                [0x0000000000001000]                __EEPROM_REGION_LENGTH__ = DEFINED (__EEPROM_REGION_LENGTH__)?__EEPROM_REGION_LENGTH__:0x10000
                [0x0000000000000003]                __FUSE_REGION_LENGTH__ = DEFINED (__FUSE_REGION_LENGTH__)?__FUSE_REGION_LENGTH__:0x400
                0x0000000000000400                __LOCK_REGION_LENGTH__ = DEFINED (__LOCK_REGION_LENGTH__)?__LOCK_REGION_LENGTH__:0x400
                0x0000000000000400                __SIGNATURE_REGION_LENGTH__ = DEFINED (__SIGNATURE_REGION_LENGTH__)?__SIGNATURE_REGION_LENGTH__:0x400
                0x0000000000000400                __USER_SIGNATURE_REGION_LENGTH__ = DEFINED (__USER_SIGNATURE_REGION_LENGTH__)?__USER_SIGNATURE_REGION_LENGTH__:0x400

.hash
 *(.hash)

.dynsym
 *(.dynsym)

.dynstr
 *(.dynstr)

.gnu.version
 *(.gnu.version)

.gnu.version_d
 *(.gnu.version_d)

.gnu.version_r
 *(.gnu.version_r)

.rel.init
 *(.rel.init)

.rela.init
 *(.rela.init)

.rel.text
 *(.rel.text)
 *(.rel.text.*)
 *(.rel.gnu.linkonce.t*)

.rela.text
 *(.rela.text)
 *(.rela.text.*)
 *(.rela.gnu.linkonce.t*)

.rel.fini
 *(.rel.fini)

.rela.fini
 *(.rela.fini)

.rel.rodata
 *(.rel.rodata)
 *(.rel.rodata.*)
 *(.rel.gnu.linkonce.r*)

.rela.rodata
 *(.rela.rodata)
 *(.rela.rodata.*)
 *(.rela.gnu.linkonce.r*)

.rel.data
 *(.rel.data)
 *(.rel.data.*)
 *(.rel.gnu.linkonce.d*)

.rela.data
 *(.rela.data)
 *(.rela.data.*)
 *(.rela.gnu.linkonce.d*)

.rel.ctors
 *(.rel.ctors)

.rela.ctors
 *(.rela.ctors)

.rel.dtors
 *(.rel.dtors)

.rela.dtors
 *(.rela.dtors)

.rel.got
 *(.rel.got)

.rela.got
 *(.rela.got)

.rel.bss
 *(.rel.bss)

.rela.bss
 *(.rela.bss)

.rel.plt
 *(.rel.plt)

.rela.plt
 *(.rela.plt)

.text           0x0000000000000000      0x172
 *(.vectors)
 .vectors       0x0000000000000000       0xe4 C:/Program Files (x86)/Atmel/Studio/7.0/Packs/atmel/ATmega_DFP/1.7.374/xc8/avr/lib/avr6/memx-const/crtatmega2560.o
                0x0000000000000000                __vectors
 *(.vectors)
 *(.progmem.gcc*)
 *(.dinit)
 .dinit         0x00000000000000e4       0x29 data_init
                0x000000000000010e                . = ALIGN (0x2)
 *fill*         0x000000000000010d        0x1 
                0x000000000000010e                __trampolines_start = .
 *(.trampolines)
 .trampolines   0x000000000000010e        0x8 linker stubs
 *(.trampolines*)
                0x0000000000000116                __trampolines_end = .
 *libprintf_flt.a:*(.progmem.data)
 *libc.a:*(.progmem.data)
                0x0000000000000116                . = ALIGN (0x2)
 *(.jumptables)
 *(.jumptables*)
 *(.lowtext)
 *(.lowtext*)
                0x0000000000000116                __ctors_start = .
 *(.ctors)
                0x0000000000000116                __ctors_end = .
                0x0000000000000116                __dtors_start = .
 *(.dtors)
                0x0000000000000116                __dtors_end = .
 SORT(*)(.ctors)
 SORT(*)(.dtors)
 *(.init0)
 .init0         0x0000000000000116        0x0 C:/Program Files (x86)/Atmel/Studio/7.0/Packs/atmel/ATmega_DFP/1.7.374/xc8/avr/lib/avr6/memx-const/crtatmega2560.o
                0x0000000000000116                __init
 *(.init0)
 *(.init1)
 *(.init1)
 *(.init2)
 .init2         0x0000000000000116       0x10 C:/Program Files (x86)/Atmel/Studio/7.0/Packs/atmel/ATmega_DFP/1.7.374/xc8/avr/lib/avr6/memx-const/crtatmega2560.o
 *(.init2)
 *(.init3)
 *(.init3)
 *(.init4)
 .init4         0x0000000000000126       0x40 c:/program files/microchip/xc8/v2.36/avr/bin/../lib/gcc/avr/5.4.0/avr6/memx-const\libgcc.a(_copy_data.o)
                0x0000000000000126                __do_copy_data
                0x0000000000000158                __do_clear_bss
 *(.init4)
 *(.init5)
 *(.init5)
 *(.init6)
 *(.init6)
 *(.init7)
 *(.init7)
 *(.init8)
 *(.init8)
 *(.init9)
 .init9         0x0000000000000166        0x8 C:/Program Files (x86)/Atmel/Studio/7.0/Packs/atmel/ATmega_DFP/1.7.374/xc8/avr/lib/avr6/memx-const/crtatmega2560.o
 *(.init9)
                0x000000000000016e                . = ALIGN (0x2)
 *(.fini9)
 .fini9         0x000000000000016e        0x0 c:/program files/microchip/xc8/v2.36/avr/bin/../lib/gcc/avr/5.4.0/avr6/memx-const\libgcc.a(_exit.o)
                0x000000000000016e                _exit
 *(.fini9)
 *(.fini8)
 *(.fini8)
 *(.fini7)
 *(.fini7)
 *(.fini6)
 *(.fini6)
 *(.fini5)
 *(.fini5)
 *(.fini4)
 *(.fini4)
 *(.fini3)
 *(.fini3)
 *(.fini2)
 *(.fini2)
 *(.fini1)
 *(.fini1)
 *(.fini0)
 .fini0         0x000000000000016e        0x4 c:/program files/microchip/xc8/v2.36/avr/bin/../lib/gcc/avr/5.4.0/avr6/memx-const\libgcc.a(_exit.o)
 *(.fini0)
                0x0000000000000172                _etext = .

.data           0x0000000000800200        0x0 load address 0x0000000000000172
                [!provide]                        PROVIDE (__data_start, .)
 *(.gnu.linkonce.d*)
 *(.gnu.linkonce.r*)
                0x0000000000800200                . = ALIGN (0x2)
                0x0000000000800200                _edata = .
                [!provide]                        PROVIDE (__data_end, .)

.bss            0x0000000000800200       0x14
                [!provide]                        PROVIDE (__bss_start, .)
 *(COMMON)
 COMMON         0x0000000000800200        0xf main.o
                0x0000000000800200                eTest
                0x0000000000800201                ADC_result
                0x0000000000800203                rtnLink
                0x0000000000800205                current_part
                0x0000000000800206                tail
                0x0000000000800208                head
                0x000000000080020a                current_reading
                0x000000000080020c                newLink
                0x000000000080020e                current_plate
 COMMON         0x000000000080020f        0x3 stepper_motor.o
                0x000000000080020f                temp_step
                0x0000000000800210                start_dc_motor_flag
                0x0000000000800211                current_step
 COMMON         0x0000000000800212        0x2 c:/program files/microchip/xc8/v2.36/avr/bin/../lib/gcc/avr/5.4.0/../../../../avr/lib/avr6/memx-const\libc.a(errno.o)
                0x0000000000800212                __errno_val
                [!provide]                        PROVIDE (__bss_end, .)
                0x0000000000000172                __data_load_start = LOADADDR (.data)
                0x0000000000000172                __data_load_end = (__data_load_start + SIZEOF (.data))

.noinit         0x0000000000800214        0x0
                [!provide]                        PROVIDE (__noinit_start, .)
 *(.noinit*)
                [!provide]                        PROVIDE (__noinit_end, .)
                0x0000000000800214                _end = .

.eeprom         0x0000000000810000        0x0
 *(.eeprom*)
                0x0000000000810000                __eeprom_end = .

.fuse
 *(.fuse)
 *(.lfuse)
 *(.hfuse)
 *(.efuse)

.lock
 *(.lock*)

.signature
 *(.signature*)

.user_signatures
 *(.user_signatures*)

.stab
 *(.stab)

.stabstr
 *(.stabstr)

.stab.excl
 *(.stab.excl)

.stab.exclstr
 *(.stab.exclstr)

.stab.index
 *(.stab.index)

.stab.indexstr
 *(.stab.indexstr)

.comment        0x0000000000000000       0x2f
 *(.comment)
 .comment       0x0000000000000000       0x2f adc.o
                                         0x30 (size before relaxing)
 .comment       0x000000000000002f       0x30 dc_motor.o
 .comment       0x000000000000002f       0x30 LCD.o
 .comment       0x000000000000002f       0x30 LinkedQueue.o
 .comment       0x000000000000002f       0x30 main.o
 .comment       0x000000000000002f       0x30 pwm.o
 .comment       0x000000000000002f       0x30 sensor.o
 .comment       0x000000000000002f       0x30 stepper_motor.o
 .comment       0x000000000000002f       0x30 timer.o
 .comment       0x000000000000002f       0x30 c:/program files/microchip/xc8/v2.36/avr/bin/../lib/gcc/avr/5.4.0/../../../../avr/lib/avr6/memx-const\libc.a(exit.o)
 .comment       0x000000000000002f       0x30 c:/program files/microchip/xc8/v2.36/avr/bin/../lib/gcc/avr/5.4.0/../../../../avr/lib/avr6/memx-const\libc.a(lite_free.o)
 .comment       0x000000000000002f       0x30 c:/program files/microchip/xc8/v2.36/avr/bin/../lib/gcc/avr/5.4.0/../../../../avr/lib/avr6/memx-const\libc.a(lite_malloc.o)
 .comment       0x000000000000002f       0x30 c:/program files/microchip/xc8/v2.36/avr/bin/../lib/gcc/avr/5.4.0/../../../../avr/lib/avr6/memx-const\libc.a(_Exit.o)
 .comment       0x000000000000002f       0x30 c:/program files/microchip/xc8/v2.36/avr/bin/../lib/gcc/avr/5.4.0/../../../../avr/lib/avr6/memx-const\libc.a(expand_heap.o)
 .comment       0x000000000000002f       0x30 c:/program files/microchip/xc8/v2.36/avr/bin/../lib/gcc/avr/5.4.0/../../../../avr/lib/avr6/memx-const\libc.a(errno.o)

.stack.descriptors.hdr
                0x0000000000000000       0x38
 .stack.descriptors.hdr
                0x0000000000000000        0xe c:/program files/microchip/xc8/v2.36/avr/bin/../lib/gcc/avr/5.4.0/avr6/memx-const\libgcc.a(_divmodhi4.o)
 .stack.descriptors.hdr
                0x000000000000000e        0xe c:/program files/microchip/xc8/v2.36/avr/bin/../lib/gcc/avr/5.4.0/avr6/memx-const\libgcc.a(_xload_1.o)
 .stack.descriptors.hdr
                0x000000000000001c        0xe c:/program files/microchip/xc8/v2.36/avr/bin/../lib/gcc/avr/5.4.0/avr6/memx-const\libgcc.a(_udivmodhi4.o)
 .stack.descriptors.hdr
                0x000000000000002a        0xe c:/program files/microchip/xc8/v2.36/avr/bin/../lib/gcc/avr/5.4.0/avr6/memx-const\libgcc.a(_exit.o)

.note.GNU-stack
                0x0000000000000000        0x0
 .note.GNU-stack
                0x0000000000000000        0x0 c:/program files/microchip/xc8/v2.36/avr/bin/../lib/gcc/avr/5.4.0/../../../../avr/lib/avr6/memx-const\libc.a(exit.o)
 .note.GNU-stack
                0x0000000000000000        0x0 c:/program files/microchip/xc8/v2.36/avr/bin/../lib/gcc/avr/5.4.0/../../../../avr/lib/avr6/memx-const\libc.a(lite_free.o)
 .note.GNU-stack
                0x0000000000000000        0x0 c:/program files/microchip/xc8/v2.36/avr/bin/../lib/gcc/avr/5.4.0/../../../../avr/lib/avr6/memx-const\libc.a(lite_malloc.o)
 .note.GNU-stack
                0x0000000000000000        0x0 c:/program files/microchip/xc8/v2.36/avr/bin/../lib/gcc/avr/5.4.0/../../../../avr/lib/avr6/memx-const\libc.a(_Exit.o)
 .note.GNU-stack
                0x0000000000000000        0x0 c:/program files/microchip/xc8/v2.36/avr/bin/../lib/gcc/avr/5.4.0/../../../../avr/lib/avr6/memx-const\libc.a(expand_heap.o)
 .note.GNU-stack
                0x0000000000000000        0x0 c:/program files/microchip/xc8/v2.36/avr/bin/../lib/gcc/avr/5.4.0/../../../../avr/lib/avr6/memx-const\libc.a(errno.o)

.note.gnu.build-id
 *(.note.gnu.build-id)

.debug
 *(.debug)

.line
 *(.line)

.debug_srcinfo
 *(.debug_srcinfo)

.debug_sfnames
 *(.debug_sfnames)

.debug_aranges  0x0000000000000000      0x230
 *(.debug_aranges)
 .debug_aranges
                0x0000000000000000       0x48 adc.o
 .debug_aranges
                0x0000000000000048       0x38 dc_motor.o
 .debug_aranges
                0x0000000000000080       0x48 LCD.o
 .debug_aranges
                0x00000000000000c8       0x60 LinkedQueue.o
 .debug_aranges
                0x0000000000000128       0x68 main.o
 .debug_aranges
                0x0000000000000190       0x20 pwm.o
 .debug_aranges
                0x00000000000001b0       0x20 sensor.o
 .debug_aranges
                0x00000000000001d0       0x38 stepper_motor.o
 .debug_aranges
                0x0000000000000208       0x28 timer.o

.debug_pubnames
 *(.debug_pubnames)

.debug_info     0x0000000000000000     0x3e16
 *(.debug_info .gnu.linkonce.wi.*)
 .debug_info    0x0000000000000000      0xbbc C:/Program Files (x86)/Atmel/Studio/7.0/Packs/atmel/ATmega_DFP/1.7.374/xc8/avr/lib/avr6/memx-const/crtatmega2560.o
 .debug_info    0x0000000000000bbc      0x2f6 adc.o
 .debug_info    0x0000000000000eb2      0x32c dc_motor.o
 .debug_info    0x00000000000011de      0x903 LCD.o
 .debug_info    0x0000000000001ae1      0x573 LinkedQueue.o
 .debug_info    0x0000000000002054     0x1101 main.o
 .debug_info    0x0000000000003155      0x27c pwm.o
 .debug_info    0x00000000000033d1      0x25f sensor.o
 .debug_info    0x0000000000003630      0x53d stepper_motor.o
 .debug_info    0x0000000000003b6d      0x2a9 timer.o

.debug_abbrev   0x0000000000000000     0x12b6
 *(.debug_abbrev)
 .debug_abbrev  0x0000000000000000      0xb1a C:/Program Files (x86)/Atmel/Studio/7.0/Packs/atmel/ATmega_DFP/1.7.374/xc8/avr/lib/avr6/memx-const/crtatmega2560.o
 .debug_abbrev  0x0000000000000b1a       0x44 adc.o
 .debug_abbrev  0x0000000000000b5e       0xa8 dc_motor.o
 .debug_abbrev  0x0000000000000c06      0x1e9 LCD.o
 .debug_abbrev  0x0000000000000def      0x122 LinkedQueue.o
 .debug_abbrev  0x0000000000000f11      0x186 main.o
 .debug_abbrev  0x0000000000001097       0x55 pwm.o
 .debug_abbrev  0x00000000000010ec       0x44 sensor.o
 .debug_abbrev  0x0000000000001130      0x10a stepper_motor.o
 .debug_abbrev  0x000000000000123a       0x7c timer.o

.debug_line     0x0000000000000000     0x13ec
 *(.debug_line .debug_line.* .debug_line_end)
 .debug_line    0x0000000000000000      0x1fd C:/Program Files (x86)/Atmel/Studio/7.0/Packs/atmel/ATmega_DFP/1.7.374/xc8/avr/lib/avr6/memx-const/crtatmega2560.o
 .debug_line    0x00000000000001fd       0xfe adc.o
 .debug_line    0x00000000000002fb       0xfe dc_motor.o
 .debug_line    0x00000000000003f9      0x3d6 LCD.o
 .debug_line    0x00000000000007cf      0x262 LinkedQueue.o
 .debug_line    0x0000000000000a31      0x59a main.o
 .debug_line    0x0000000000000fcb       0xa2 pwm.o
 .debug_line    0x000000000000106d       0xa1 sensor.o
 .debug_line    0x000000000000110e      0x1f4 stepper_motor.o
 .debug_line    0x0000000000001302       0xea timer.o

.debug_frame    0x0000000000000000      0x524
 *(.debug_frame)
 .debug_frame   0x0000000000000000       0x74 adc.o
 .debug_frame   0x0000000000000074       0x54 dc_motor.o
 .debug_frame   0x00000000000000c8       0xb0 LCD.o
 .debug_frame   0x0000000000000178       0xc4 LinkedQueue.o
 .debug_frame   0x000000000000023c      0x1cc main.o
 .debug_frame   0x0000000000000408       0x24 pwm.o
 .debug_frame   0x000000000000042c       0x24 sensor.o
 .debug_frame   0x0000000000000450       0xa0 stepper_motor.o
 .debug_frame   0x00000000000004f0       0x34 timer.o

.debug_str      0x0000000000000000      0x4f6
 *(.debug_str)
 .debug_str     0x0000000000000000      0x3e6 C:/Program Files (x86)/Atmel/Studio/7.0/Packs/atmel/ATmega_DFP/1.7.374/xc8/avr/lib/avr6/memx-const/crtatmega2560.o
 .debug_str     0x00000000000003e6        0x0 adc.o
 .debug_str     0x00000000000003e6        0x0 dc_motor.o
 .debug_str     0x00000000000003e6       0x26 LCD.o
 .debug_str     0x000000000000040c        0x0 LinkedQueue.o
 .debug_str     0x000000000000040c       0xe0 main.o
 .debug_str     0x00000000000004ec        0x0 pwm.o
 .debug_str     0x00000000000004ec        0x0 sensor.o
 .debug_str     0x00000000000004ec        0xa stepper_motor.o
 .debug_str     0x00000000000004f6        0x0 timer.o

.debug_loc      0x0000000000000000     0x109d
 *(.debug_loc)
 .debug_loc     0x0000000000000000      0x7c1 LCD.o
 .debug_loc     0x00000000000007c1      0x24c LinkedQueue.o
 .debug_loc     0x0000000000000a0d      0x388 main.o
 .debug_loc     0x0000000000000d95       0x26 pwm.o
 .debug_loc     0x0000000000000dbb      0x2be stepper_motor.o
 .debug_loc     0x0000000000001079       0x24 timer.o

.debug_macinfo
 *(.debug_macinfo)

.debug_weaknames
 *(.debug_weaknames)

.debug_funcnames
 *(.debug_funcnames)

.debug_typenames
 *(.debug_typenames)

.debug_varnames
 *(.debug_varnames)

.debug_pubtypes
 *(.debug_pubtypes)

.debug_ranges   0x0000000000000000      0x1d8
 *(.debug_ranges)
 .debug_ranges  0x0000000000000000       0x38 adc.o
 .debug_ranges  0x0000000000000038       0x28 dc_motor.o
 .debug_ranges  0x0000000000000060       0x38 LCD.o
 .debug_ranges  0x0000000000000098       0x50 LinkedQueue.o
 .debug_ranges  0x00000000000000e8       0x58 main.o
 .debug_ranges  0x0000000000000140       0x10 pwm.o
 .debug_ranges  0x0000000000000150       0x10 sensor.o
 .debug_ranges  0x0000000000000160       0x60 stepper_motor.o
 .debug_ranges  0x00000000000001c0       0x18 timer.o

.debug_macro
 *(.debug_macro)
OUTPUT(Project.elf elf32-avr)
LOAD linker stubs
LOAD data_init

.note.gnu.avr.deviceinfo
                0x0000000000000000       0x40
 .note.gnu.avr.deviceinfo
                0x0000000000000000       0x40 C:/Program Files (x86)/Atmel/Studio/7.0/Packs/atmel/ATmega_DFP/1.7.374/xc8/avr/lib/avr6/memx-const/crtatmega2560.o

.bss.queue_black_counter
                0x000000000080025f        0x1
 .bss.queue_black_counter
                0x000000000080025f        0x1 main.o
                0x000000000080025f                queue_black_counter

.bss.queue_white_counter
                0x0000000000800260        0x1
 .bss.queue_white_counter
                0x0000000000800260        0x1 main.o
                0x0000000000800260                queue_white_counter

.bss.queue_steel_counter
                0x0000000000800261        0x1
 .bss.queue_steel_counter
                0x0000000000800261        0x1 main.o
                0x0000000000800261                queue_steel_counter

.bss.queue_aluminum_counter
                0x0000000000800262        0x1
 .bss.queue_aluminum_counter
                0x0000000000800262        0x1 main.o
                0x0000000000800262                queue_aluminum_counter

.bss.black_counter
                0x0000000000800263        0x1
 .bss.black_counter
                0x0000000000800263        0x1 main.o
                0x0000000000800263                black_counter

.bss.white_counter
                0x0000000000800264        0x1
 .bss.white_counter
                0x0000000000800264        0x1 main.o
                0x0000000000800264                white_counter

.bss.steel_counter
                0x0000000000800265        0x1
 .bss.steel_counter
                0x0000000000800265        0x1 main.o
                0x0000000000800265                steel_counter

.bss.aluminum_counter
                0x0000000000800266        0x1
 .bss.aluminum_counter
                0x0000000000800266        0x1 main.o
                0x0000000000800266                aluminum_counter

.bss.BUCKET_counter
                0x0000000000800267        0x1
 .bss.BUCKET_counter
                0x0000000000800267        0x1 main.o
                0x0000000000800267                BUCKET_counter

.bss.item_counter
                0x0000000000800268        0x1
 .bss.item_counter
                0x0000000000800268        0x1 main.o
                0x0000000000800268                item_counter

.bss.ADC_counter
                0x000000000080024f        0x2
 .bss.ADC_counter
                0x000000000080024f        0x2 main.o
                0x000000000080024f                ADC_counter

.bss.INT5_counter
                0x0000000000800269        0x1
 .bss.INT5_counter
                0x0000000000800269        0x1 main.o
                0x0000000000800269                INT5_counter

.bss.INT4_counter
                0x000000000080026a        0x1
 .bss.INT4_counter
                0x000000000080026a        0x1 main.o
                0x000000000080026a                INT4_counter

.bss.INT1_counter
                0x000000000080026b        0x1
 .bss.INT1_counter
                0x000000000080026b        0x1 main.o
                0x000000000080026b                INT1_counter

.bss.INT0_counter
                0x000000000080026c        0x1
 .bss.INT0_counter
                0x000000000080026c        0x1 main.o
                0x000000000080026c                INT0_counter

.bss.pause_flag
                0x000000000080026d        0x1
 .bss.pause_flag
                0x000000000080026d        0x1 main.o
                0x000000000080026d                pause_flag

.bss.ramp_down_flag
                0x000000000080026e        0x1
 .bss.ramp_down_flag
                0x000000000080026e        0x1 main.o
                0x000000000080026e                ramp_down_flag

.bss.in_OR_flag
                0x000000000080026f        0x1
 .bss.in_OR_flag
                0x000000000080026f        0x1 main.o
                0x000000000080026f                in_OR_flag

.bss.STATE      0x0000000000800270        0x1
 .bss.STATE     0x0000000000800270        0x1 main.o
                0x0000000000800270                STATE

.bss.__freelist
                0x0000000000800253        0x2
 .bss.__freelist
                0x0000000000800253        0x2 c:/program files/microchip/xc8/v2.36/avr/bin/../lib/gcc/avr/5.4.0/../../../../avr/lib/avr6/memx-const\libc.a(lite_free.o)
                0x0000000000800253                __freelist

.bss.end.1483   0x0000000000800255        0x2
 .bss.end.1483  0x0000000000800255        0x2 c:/program files/microchip/xc8/v2.36/avr/bin/../lib/gcc/avr/5.4.0/../../../../avr/lib/avr6/memx-const\libc.a(lite_malloc.o)

.bss.cur.1482   0x0000000000800257        0x2
 .bss.cur.1482  0x0000000000800257        0x2 c:/program files/microchip/xc8/v2.36/avr/bin/../lib/gcc/avr/5.4.0/../../../../avr/lib/avr6/memx-const\libc.a(lite_malloc.o)

.bss.__brkval   0x0000000000800259        0x2
 .bss.__brkval  0x0000000000800259        0x2 c:/program files/microchip/xc8/v2.36/avr/bin/../lib/gcc/avr/5.4.0/../../../../avr/lib/avr6/memx-const\libc.a(expand_heap.o)

.progmemx.data  0x0000000000000172        0xe
 .progmemx.data
                0x0000000000000172        0xe main.o

.text.main      0x0000000000000180      0x3fc
 .text.main     0x0000000000000180      0x3fc main.o
                0x0000000000000180                main

.text.__simple_search_fl
                0x000000000000057c       0xe0
 .text.__simple_search_fl
                0x000000000000057c       0xe0 c:/program files/microchip/xc8/v2.36/avr/bin/../lib/gcc/avr/5.4.0/../../../../avr/lib/avr6/memx-const\libc.a(lite_free.o)
                0x000000000000057c                __simple_search_fl

.text.__simple_malloc
                0x000000000000065c       0xda
 .text.__simple_malloc
                0x000000000000065c       0xda c:/program files/microchip/xc8/v2.36/avr/bin/../lib/gcc/avr/5.4.0/../../../../avr/lib/avr6/memx-const\libc.a(lite_malloc.o)
                0x000000000000065c                __malloc0
                0x000000000000065c                __simple_malloc
                0x000000000000065c                malloc

.text.LCDWriteInt
                0x0000000000000736       0xc4
 .text.LCDWriteInt
                0x0000000000000736       0xc4 LCD.o
                0x0000000000000736                LCDWriteInt

.text.StepperMotor_CCW
                0x00000000000007fa       0xc2
 .text.StepperMotor_CCW
                0x00000000000007fa       0xc2 stepper_motor.o
                0x00000000000007fa                StepperMotor_CCW

.text.categorize
                0x00000000000008bc       0xb8
 .text.categorize
                0x00000000000008bc       0xb8 main.o
                0x00000000000008bc                categorize

.text.StepperMotor_CW
                0x0000000000000974       0xaa
 .text.StepperMotor_CW
                0x0000000000000974       0xaa stepper_motor.o
                0x0000000000000974                StepperMotor_CW

.text.InitLCD   0x0000000000000a1e       0x88
 .text.InitLCD  0x0000000000000a1e       0x88 LCD.o
                0x0000000000000a1e                InitLCD

.text.__vector_29
                0x0000000000000aa6       0x88
 .text.__vector_29
                0x0000000000000aa6       0x88 main.o
                0x0000000000000aa6                __vector_29

.text.__vector_5
                0x0000000000000b2e       0x84
 .text.__vector_5
                0x0000000000000b2e       0x84 main.o
                0x0000000000000b2e                __vector_5

.text.LCDBusyLoop
                0x0000000000000bb2       0x7e
 .text.LCDBusyLoop
                0x0000000000000bb2       0x7e LCD.o
                0x0000000000000bb2                LCDBusyLoop

.text.__simple_free
                0x0000000000000c30       0x78
 .text.__simple_free
                0x0000000000000c30       0x78 c:/program files/microchip/xc8/v2.36/avr/bin/../lib/gcc/avr/5.4.0/../../../../avr/lib/avr6/memx-const\libc.a(lite_free.o)
                0x0000000000000c30                __simple_free
                0x0000000000000c30                free
                0x0000000000000c30                __free0

.text.__vector_6
                0x0000000000000ca8       0x72
 .text.__vector_6
                0x0000000000000ca8       0x72 main.o
                0x0000000000000ca8                __vector_6

.text.LCDByte   0x0000000000000d1a       0x70
 .text.LCDByte  0x0000000000000d1a       0x70 LCD.o
                0x0000000000000d1a                LCDByte

.text.__expand_heap
                0x0000000000000d8a       0x6e
 .text.__expand_heap
                0x0000000000000d8a       0x6e c:/program files/microchip/xc8/v2.36/avr/bin/../lib/gcc/avr/5.4.0/../../../../avr/lib/avr6/memx-const\libc.a(expand_heap.o)
                0x0000000000000d8a                __expand_heap

.text.__vector_1
                0x0000000000000df8       0x5e
 .text.__vector_1
                0x0000000000000df8       0x5e main.o
                0x0000000000000df8                __vector_1

.text.init_stepper_motor
                0x0000000000000e56       0x5c
 .text.init_stepper_motor
                0x0000000000000e56       0x5c stepper_motor.o
                0x0000000000000e56                init_stepper_motor

.text.mTimer    0x0000000000000eb2       0x40
 .text.mTimer   0x0000000000000eb2       0x40 timer.o
                0x0000000000000eb2                mTimer

.text.enqueue   0x0000000000000ef2       0x3c
 .text.enqueue  0x0000000000000ef2       0x3c LinkedQueue.o
                0x0000000000000ef2                enqueue

.text.libgcc.prologue
                0x0000000000000f2e       0x38
 .text.libgcc.prologue
                0x0000000000000f2e       0x38 c:/program files/microchip/xc8/v2.36/avr/bin/../lib/gcc/avr/5.4.0/avr6/memx-const\libgcc.a(_prologue.o)
                0x0000000000000f2e                __prologue_saves__

.text.libgcc.prologue
                0x0000000000000f66       0x36
 .text.libgcc.prologue
                0x0000000000000f66       0x36 c:/program files/microchip/xc8/v2.36/avr/bin/../lib/gcc/avr/5.4.0/avr6/memx-const\libgcc.a(_epilogue.o)
                0x0000000000000f66                __epilogue_restores__

.text.LCDWriteString
                0x0000000000000f9c       0x30
 .text.LCDWriteString
                0x0000000000000f9c       0x30 LCD.o
                0x0000000000000f9c                LCDWriteString

.text.dequeue   0x0000000000000fcc       0x30
 .text.dequeue  0x0000000000000fcc       0x30 LinkedQueue.o
                0x0000000000000fcc                dequeue

.text.intTimer  0x0000000000000ffc       0x2a
 .text.intTimer
                0x0000000000000ffc       0x2a timer.o
                0x0000000000000ffc                intTimer

.text.__vector_2
                0x0000000000001026       0x28
 .text.__vector_2
                0x0000000000001026       0x28 main.o
                0x0000000000001026                __vector_2

.text.libgcc.div
                0x000000000000104e       0x28
 .text.libgcc.div
                0x000000000000104e       0x28 c:/program files/microchip/xc8/v2.36/avr/bin/../lib/gcc/avr/5.4.0/avr6/memx-const\libgcc.a(_divmodhi4.o)
                0x000000000000104e                _div
                0x000000000000104e                __divmodhi4

.text.libgcc.div
                0x0000000000001076       0x28
 .text.libgcc.div
                0x0000000000001076       0x28 c:/program files/microchip/xc8/v2.36/avr/bin/../lib/gcc/avr/5.4.0/avr6/memx-const\libgcc.a(_udivmodhi4.o)
                0x0000000000001076                __udivmodhi4

.text.init_pwm  0x000000000000109e       0x26
 .text.init_pwm
                0x000000000000109e       0x26 pwm.o
                0x000000000000109e                init_pwm

.text.init_sensors
                0x00000000000010c4       0x24
 .text.init_sensors
                0x00000000000010c4       0x24 sensor.o
                0x00000000000010c4                init_sensors

.text.initLink  0x00000000000010e8       0x1e
 .text.initLink
                0x00000000000010e8       0x1e LinkedQueue.o
                0x00000000000010e8                initLink

.text.__vector_32
                0x0000000000001106       0x1e
 .text.__vector_32
                0x0000000000001106       0x1e main.o
                0x0000000000001106                __vector_32

.text.init_adc  0x0000000000001124       0x1c
 .text.init_adc
                0x0000000000001124       0x1c adc.o
                0x0000000000001124                init_adc

.text.init_dc_motor
                0x0000000000001140       0x1c
 .text.init_dc_motor
                0x0000000000001140       0x1c dc_motor.o
                0x0000000000001140                init_dc_motor

.text.StepperMotor_Rotate
                0x000000000000115c       0x1c
 .text.StepperMotor_Rotate
                0x000000000000115c       0x1c stepper_motor.o
                0x000000000000115c                StepperMotor_Rotate

.text.size      0x0000000000001178       0x1a
 .text.size     0x0000000000001178       0x1a LinkedQueue.o
                0x0000000000001178                size

.text.exit      0x0000000000001192       0x16
 .text.exit     0x0000000000001192       0x16 c:/program files/microchip/xc8/v2.36/avr/bin/../lib/gcc/avr/5.4.0/../../../../avr/lib/avr6/memx-const\libc.a(exit.o)
                0x0000000000001192                exit

.text.LCDGotoXY
                0x00000000000011a8       0x12
 .text.LCDGotoXY
                0x00000000000011a8       0x12 LCD.o
                0x00000000000011a8                LCDGotoXY

.text.disable_dc_motor
                0x00000000000011ba       0x10
 .text.disable_dc_motor
                0x00000000000011ba       0x10 dc_motor.o
                0x00000000000011ba                disable_dc_motor

.text.setup     0x00000000000011ca        0xe
 .text.setup    0x00000000000011ca        0xe LinkedQueue.o
                0x00000000000011ca                setup

.text.libgcc    0x00000000000011d8        0xe
 .text.libgcc   0x00000000000011d8        0xe c:/program files/microchip/xc8/v2.36/avr/bin/../lib/gcc/avr/5.4.0/avr6/memx-const\libgcc.a(_xload_1.o)
                0x00000000000011d8                __xload_1

.text.start_conversion
                0x00000000000011e6        0xc
 .text.start_conversion
                0x00000000000011e6        0xc adc.o
                0x00000000000011e6                start_conversion

.text.disable_adc
                0x00000000000011f2        0xc
 .text.disable_adc
                0x00000000000011f2        0xc adc.o
                0x00000000000011f2                disable_adc

.text.enable_adc
                0x00000000000011fe        0xc
 .text.enable_adc
                0x00000000000011fe        0xc adc.o
                0x00000000000011fe                enable_adc

.text.run_dc_motor
                0x000000000000120a        0xa
 .text.run_dc_motor
                0x000000000000120a        0xa dc_motor.o
                0x000000000000120a                run_dc_motor

.text.brake_dc_motor
                0x0000000000001214        0x8
 .text.brake_dc_motor
                0x0000000000001214        0x8 dc_motor.o
                0x0000000000001214                brake_dc_motor

.text           0x000000000000121c        0x4
 .text          0x000000000000121c        0x4 C:/Program Files (x86)/Atmel/Studio/7.0/Packs/atmel/ATmega_DFP/1.7.374/xc8/avr/lib/avr6/memx-const/crtatmega2560.o
                0x000000000000121c                __vector_38
                0x000000000000121c                __vector_22
                0x000000000000121c                __vector_28
                0x000000000000121c                __vector_34
                0x000000000000121c                __vector_24
                0x000000000000121c                __vector_12
                0x000000000000121c                __vector_55
                0x000000000000121c                __vector_46
                0x000000000000121c                __bad_interrupt
                0x000000000000121c                __vector_31
                0x000000000000121c                __vector_35
                0x000000000000121c                __vector_39
                0x000000000000121c                __vector_3
                0x000000000000121c                __vector_23
                0x000000000000121c                __vector_30
                0x000000000000121c                __vector_45
                0x000000000000121c                __vector_25
                0x000000000000121c                __vector_11
                0x000000000000121c                __vector_54
                0x000000000000121c                __vector_13
                0x000000000000121c                __vector_17
                0x000000000000121c                __vector_19
                0x000000000000121c                __vector_56
                0x000000000000121c                __vector_7
                0x000000000000121c                __vector_49
                0x000000000000121c                __vector_41
                0x000000000000121c                __vector_43
                0x000000000000121c                __vector_27
                0x000000000000121c                __vector_33
                0x000000000000121c                __vector_47
                0x000000000000121c                __vector_52
                0x000000000000121c                __vector_37
                0x000000000000121c                __vector_4
                0x000000000000121c                __vector_44
                0x000000000000121c                __vector_51
                0x000000000000121c                __vector_9
                0x000000000000121c                __vector_21
                0x000000000000121c                __vector_15
                0x000000000000121c                __vector_36
                0x000000000000121c                __vector_40
                0x000000000000121c                __vector_8
                0x000000000000121c                __vector_26
                0x000000000000121c                __vector_48
                0x000000000000121c                __vector_14
                0x000000000000121c                __vector_53
                0x000000000000121c                __vector_10
                0x000000000000121c                __vector_50
                0x000000000000121c                __vector_16
                0x000000000000121c                __vector_18
                0x000000000000121c                __vector_20
                0x000000000000121c                __vector_42

.text._Exit     0x0000000000001220        0x4
 .text._Exit    0x0000000000001220        0x4 c:/program files/microchip/xc8/v2.36/avr/bin/../lib/gcc/avr/5.4.0/../../../../avr/lib/avr6/memx-const\libc.a(_Exit.o)
                0x0000000000001220                _Exit

.text.__vector_default
                0x0000000000001224        0x2
 .text.__vector_default
                0x0000000000001224        0x2 main.o
                0x0000000000001224                __vector_default

.text.__dummy_fini
                0x0000000000001226        0x2
 .text.__dummy_fini
                0x0000000000001226        0x2 c:/program files/microchip/xc8/v2.36/avr/bin/../lib/gcc/avr/5.4.0/../../../../avr/lib/avr6/memx-const\libc.a(exit.o)
                0x0000000000001226                _fini

.text.__dummy_funcs_on_exit
                0x0000000000001228        0x2
 .text.__dummy_funcs_on_exit
                0x0000000000001228        0x2 c:/program files/microchip/xc8/v2.36/avr/bin/../lib/gcc/avr/5.4.0/../../../../avr/lib/avr6/memx-const\libc.a(exit.o)
                0x0000000000001228                __funcs_on_exit

.text.__dummy_simulator_exit
                0x000000000000122a        0x2
 .text.__dummy_simulator_exit
                0x000000000000122a        0x2 c:/program files/microchip/xc8/v2.36/avr/bin/../lib/gcc/avr/5.4.0/../../../../avr/lib/avr6/memx-const\libc.a(exit.o)
                0x000000000000122a                __simulator_exit

.data.rotations
                0x0000000000800214       0x10 load address 0x000000000000122c
 .data.rotations
                0x0000000000800214       0x10 main.o
                0x0000000000800214                rotations

.data.ind       0x0000000000800224       0x10 load address 0x000000000000123c
 .data.ind      0x0000000000800224       0x10 stepper_motor.o
                0x0000000000800224                ind

.data.accel_speed
                0x0000000000800234        0xe load address 0x000000000000124c
 .data.accel_speed
                0x0000000000800234        0xe stepper_motor.o
                0x0000000000800234                accel_speed

.data.decel_speed
                0x0000000000800242        0x9 load address 0x000000000000125a
 .data.decel_speed
                0x0000000000800242        0x9 stepper_motor.o
                0x0000000000800242                decel_speed

.data.steps     0x000000000080024b        0x4 load address 0x0000000000001263
 .data.steps    0x000000000080024b        0x4 stepper_motor.o
                0x000000000080024b                steps

.data.ADC_curr_min
                0x0000000000800251        0x2 load address 0x0000000000001267
 .data.ADC_curr_min
                0x0000000000800251        0x2 main.o
                0x0000000000800251                ADC_curr_min

.data.__malloc_heap_end
                0x000000000080025b        0x2 load address 0x0000000000001269
 .data.__malloc_heap_end
                0x000000000080025b        0x2 c:/program files/microchip/xc8/v2.36/avr/bin/../lib/gcc/avr/5.4.0/../../../../avr/lib/avr6/memx-const\libc.a(expand_heap.o)
                0x000000000080025b                __malloc_heap_end

.data.__malloc_heap_start
                0x000000000080025d        0x2 load address 0x000000000000126b
 .data.__malloc_heap_start
                0x000000000080025d        0x2 c:/program files/microchip/xc8/v2.36/avr/bin/../lib/gcc/avr/5.4.0/../../../../avr/lib/avr6/memx-const\libc.a(expand_heap.o)
                0x000000000080025d                __malloc_heap_start
